Archive member included because of file (symbol)

c:/program files (x86)/atmel/studio/7.0/toolchain/arm/arm-gnu-toolchain/bin/../lib/gcc/arm-none-eabi/4.9.3/armv6-m\libgcc.a(_udivsi3.o)
                              src/ASF/sam0/drivers/system/clock/clock_saml21/clock.o (__aeabi_uidiv)
c:/program files (x86)/atmel/studio/7.0/toolchain/arm/arm-gnu-toolchain/bin/../lib/gcc/arm-none-eabi/4.9.3/armv6-m\libgcc.a(_divsi3.o)
                              src/ASF/sam0/drivers/usb/stack_interface/usb_device_udd.o (__aeabi_idivmod)
c:/program files (x86)/atmel/studio/7.0/toolchain/arm/arm-gnu-toolchain/bin/../lib/gcc/arm-none-eabi/4.9.3/armv6-m\libgcc.a(_dvmd_tls.o)
                              c:/program files (x86)/atmel/studio/7.0/toolchain/arm/arm-gnu-toolchain/bin/../lib/gcc/arm-none-eabi/4.9.3/armv6-m\libgcc.a(_udivsi3.o) (__aeabi_idiv0)
c:/program files (x86)/atmel/studio/7.0/toolchain/arm/arm-gnu-toolchain/bin/../lib/gcc/arm-none-eabi/4.9.3/armv6-m\libgcc.a(_clzsi2.o)
                              src/ASF/sam0/drivers/usb/usb_sam_l/usb.o (__clzsi2)
c:/program files (x86)/atmel/studio/7.0/toolchain/arm/arm-gnu-toolchain/bin/../lib/gcc/arm-none-eabi/4.9.3/armv6-m\libgcc.a(_ctzsi2.o)
                              src/ASF/sam0/drivers/usb/usb_sam_l/usb.o (__ctzsi2)
c:/program files (x86)/atmel/studio/7.0/toolchain/arm/arm-gnu-toolchain/bin/../lib/gcc/arm-none-eabi/4.9.3/../../../../arm-none-eabi/lib/armv6-m\libc_nano.a(lib_a-exit.o)
                              c:/program files (x86)/atmel/studio/7.0/toolchain/arm/arm-gnu-toolchain/bin/../lib/gcc/arm-none-eabi/4.9.3/../../../../arm-none-eabi/lib/armv6-m/crt0.o (exit)
c:/program files (x86)/atmel/studio/7.0/toolchain/arm/arm-gnu-toolchain/bin/../lib/gcc/arm-none-eabi/4.9.3/../../../../arm-none-eabi/lib/armv6-m\libc_nano.a(lib_a-impure.o)
                              c:/program files (x86)/atmel/studio/7.0/toolchain/arm/arm-gnu-toolchain/bin/../lib/gcc/arm-none-eabi/4.9.3/../../../../arm-none-eabi/lib/armv6-m\libc_nano.a(lib_a-exit.o) (_global_impure_ptr)
c:/program files (x86)/atmel/studio/7.0/toolchain/arm/arm-gnu-toolchain/bin/../lib/gcc/arm-none-eabi/4.9.3/../../../../arm-none-eabi/lib/armv6-m\libc_nano.a(lib_a-init.o)
                              c:/program files (x86)/atmel/studio/7.0/toolchain/arm/arm-gnu-toolchain/bin/../lib/gcc/arm-none-eabi/4.9.3/../../../../arm-none-eabi/lib/armv6-m/crt0.o (__libc_init_array)
c:/program files (x86)/atmel/studio/7.0/toolchain/arm/arm-gnu-toolchain/bin/../lib/gcc/arm-none-eabi/4.9.3/../../../../arm-none-eabi/lib/armv6-m\libc_nano.a(lib_a-memcpy.o)
                              src/ASF/common/services/usb/class/cdc/device/udi_cdc.o (memcpy)
c:/program files (x86)/atmel/studio/7.0/toolchain/arm/arm-gnu-toolchain/bin/../lib/gcc/arm-none-eabi/4.9.3/../../../../arm-none-eabi/lib/armv6-m\libc_nano.a(lib_a-memset.o)
                              c:/program files (x86)/atmel/studio/7.0/toolchain/arm/arm-gnu-toolchain/bin/../lib/gcc/arm-none-eabi/4.9.3/../../../../arm-none-eabi/lib/armv6-m/crt0.o (memset)
c:/program files (x86)/atmel/studio/7.0/toolchain/arm/arm-gnu-toolchain/bin/../lib/gcc/arm-none-eabi/4.9.3/../../../../arm-none-eabi/lib/armv6-m\libc_nano.a(lib_a-printf.o)
                              src/ASF/sam0/utils/syscalls/gcc/syscalls.o (printf)
c:/program files (x86)/atmel/studio/7.0/toolchain/arm/arm-gnu-toolchain/bin/../lib/gcc/arm-none-eabi/4.9.3/../../../../arm-none-eabi/lib/armv6-m\libc_nano.a(lib_a-findfp.o)
                              c:/program files (x86)/atmel/studio/7.0/toolchain/arm/arm-gnu-toolchain/bin/../lib/gcc/arm-none-eabi/4.9.3/../../../../arm-none-eabi/lib/armv6-m\libc_nano.a(lib_a-printf.o) (__sinit)
c:/program files (x86)/atmel/studio/7.0/toolchain/arm/arm-gnu-toolchain/bin/../lib/gcc/arm-none-eabi/4.9.3/../../../../arm-none-eabi/lib/armv6-m\libc_nano.a(lib_a-fwalk.o)
                              c:/program files (x86)/atmel/studio/7.0/toolchain/arm/arm-gnu-toolchain/bin/../lib/gcc/arm-none-eabi/4.9.3/../../../../arm-none-eabi/lib/armv6-m\libc_nano.a(lib_a-findfp.o) (_fwalk)
c:/program files (x86)/atmel/studio/7.0/toolchain/arm/arm-gnu-toolchain/bin/../lib/gcc/arm-none-eabi/4.9.3/../../../../arm-none-eabi/lib/armv6-m\libc_nano.a(lib_a-nano-mallocr.o)
                              c:/program files (x86)/atmel/studio/7.0/toolchain/arm/arm-gnu-toolchain/bin/../lib/gcc/arm-none-eabi/4.9.3/../../../../arm-none-eabi/lib/armv6-m\libc_nano.a(lib_a-findfp.o) (_malloc_r)
c:/program files (x86)/atmel/studio/7.0/toolchain/arm/arm-gnu-toolchain/bin/../lib/gcc/arm-none-eabi/4.9.3/../../../../arm-none-eabi/lib/armv6-m\libc_nano.a(lib_a-nano-vfprintf.o)
                              c:/program files (x86)/atmel/studio/7.0/toolchain/arm/arm-gnu-toolchain/bin/../lib/gcc/arm-none-eabi/4.9.3/../../../../arm-none-eabi/lib/armv6-m\libc_nano.a(lib_a-printf.o) (_vfprintf_r)
[...]
Memory Configuration

Name             Origin             Length             Attributes
rom              0x00000000         0x00040000         xr
ram              0x20000000         0x00008000         xrw
lpram            0x30000000         0x00002000         xrw
*default*        0x00000000         0xffffffff

Linker script and memory map

LOAD c:/program files (x86)/atmel/studio/7.0/toolchain/arm/arm-gnu-toolchain/bin/../lib/gcc/arm-none-eabi/4.9.3/armv6-m/crti.o
LOAD c:/program files (x86)/atmel/studio/7.0/toolchain/arm/arm-gnu-toolchain/bin/../lib/gcc/arm-none-eabi/4.9.3/armv6-m/crtbegin.o
LOAD c:/program files (x86)/atmel/studio/7.0/toolchain/arm/arm-gnu-toolchain/bin/../lib/gcc/arm-none-eabi/4.9.3/../../../../arm-none-eabi/lib/armv6-m/crt0.o
LOAD src/ASF/common/services/sleepmgr/saml/sleepmgr.o
LOAD src/ASF/common/services/usb/class/cdc/device/udi_cdc.o
LOAD src/ASF/common/services/usb/udc/udc.o
LOAD src/ASF/sam0/drivers/events/events_hooks.o
LOAD src/ASF/sam0/drivers/events/events_sam_l_c/events.o
LOAD src/ASF/sam0/drivers/extint/extint_sam_l_c/extint.o
LOAD src/ASF/sam0/drivers/rtc/rtc_sam_l_c/rtc_calendar.o
LOAD src/ASF/sam0/drivers/rtc/rtc_sam_l_c/rtc_calendar_interrupt.o
LOAD src/ASF/sam0/drivers/tc/tc_interrupt.o
LOAD src/ASF/sam0/drivers/tc/tc_sam_l_c/tc.o
LOAD src/ASF/sam0/drivers/usb/stack_interface/usb_device_udd.o
LOAD src/ASF/sam0/drivers/usb/stack_interface/usb_dual.o
LOAD src/USB_VCP.o
LOAD src/ASF/sam0/drivers/usb/usb_sam_l/usb.o
LOAD src/ASF/sam0/drivers/extint/extint_callback.o
LOAD src/ASF/common/services/usb/class/cdc/device/udi_cdc_desc.o
LOAD src/ASF/sam0/drivers/port/port.o
LOAD src/ASF/common2/boards/user_board/init.o
LOAD src/ASF/common/utils/interrupt/interrupt_sam_nvic.o
LOAD src/ASF/sam0/drivers/system/clock/clock_saml21/clock.o
LOAD src/ASF/sam0/drivers/system/clock/clock_saml21/gclk.o
LOAD src/ASF/sam0/drivers/system/interrupt/system_interrupt.o
LOAD src/ASF/sam0/drivers/system/pinmux/pinmux.o
LOAD src/ASF/sam0/drivers/system/system.o
LOAD src/ASF/sam0/utils/cmsis/saml21/source/gcc/startup_saml21.o
LOAD src/ASF/sam0/utils/cmsis/saml21/source/system_saml21.o
LOAD src/ASF/sam0/utils/syscalls/gcc/syscalls.o
LOAD src/main.o
START GROUP
LOAD ../src/ASF/thirdparty/CMSIS/Lib/GCC\libarm_cortexM0l_math.a
LOAD c:/program files (x86)/atmel/studio/7.0/toolchain/arm/arm-gnu-toolchain/bin/../lib/gcc/arm-none-eabi/4.9.3/../../../../arm-none-eabi/lib/armv6-m\libm.a
END GROUP
START GROUP
LOAD c:/program files (x86)/atmel/studio/7.0/toolchain/arm/arm-gnu-toolchain/bin/../lib/gcc/arm-none-eabi/4.9.3/armv6-m\libgcc.a
LOAD c:/program files (x86)/atmel/studio/7.0/toolchain/arm/arm-gnu-toolchain/bin/../lib/gcc/arm-none-eabi/4.9.3/../../../../arm-none-eabi/lib/armv6-m\libc_nano.a
END GROUP
START GROUP
LOAD c:/program files (x86)/atmel/studio/7.0/toolchain/arm/arm-gnu-toolchain/bin/../lib/gcc/arm-none-eabi/4.9.3/armv6-m\libgcc.a
LOAD c:/program files (x86)/atmel/studio/7.0/toolchain/arm/arm-gnu-toolchain/bin/../lib/gcc/arm-none-eabi/4.9.3/../../../../arm-none-eabi/lib/armv6-m\libc_nano.a
END GROUP
LOAD c:/program files (x86)/atmel/studio/7.0/toolchain/arm/arm-gnu-toolchain/bin/../lib/gcc/arm-none-eabi/4.9.3/armv6-m/crtend.o
LOAD c:/program files (x86)/atmel/studio/7.0/toolchain/arm/arm-gnu-toolchain/bin/../lib/gcc/arm-none-eabi/4.9.3/armv6-m/crtn.o
                0x00002000                STACK_SIZE = DEFINED (STACK_SIZE)?STACK_SIZE:DEFINED (__stack_size__)?__stack_size__:0x2000

.text           0x00000000     0x3ccc
                0x00000000                . = ALIGN (0x4)
                0x00000000                _sfixed = .
 *(.vectors .vectors.*)
 .vectors       0x00000000       0xb4 src/ASF/sam0/utils/cmsis/saml21/source/gcc/startup_saml21.o
                0x00000000                exception_table
 *(.text .text.* .gnu.linkonce.t.*)
 .text          0x000000b4       0x60 c:/program files (x86)/atmel/studio/7.0/toolchain/arm/arm-gnu-toolchain/bin/../lib/gcc/arm-none-eabi/4.9.3/armv6-m/crtbegin.o
 .text.udi_cdc_comm_disable
                0x00000114       0x10 src/ASF/common/services/usb/class/cdc/device/udi_cdc.o
                0x00000114                udi_cdc_comm_disable
 .text.udi_cdc_data_setup
                0x00000124        0x4 src/ASF/common/services/usb/class/cdc/device/udi_cdc.o
                0x00000124                udi_cdc_data_setup
 .text.udi_cdc_getsetting
                0x00000128        0x4 src/ASF/common/services/usb/class/cdc/device/udi_cdc.o
                0x00000128                udi_cdc_getsetting
 .text.udi_cdc_line_coding_received
                0x0000012c        0x4 src/ASF/common/services/usb/class/cdc/device/udi_cdc.o
 .text.udi_cdc_comm_enable
                0x00000130       0x5c src/ASF/common/services/usb/class/cdc/device/udi_cdc.o
                0x00000130                udi_cdc_comm_enable
 .text.udi_cdc_tx_send
                0x0000018c      0x154 src/ASF/common/services/usb/class/cdc/device/udi_cdc.o
 .text.udi_cdc_data_sent
                0x000002e0       0x38 src/ASF/common/services/usb/class/cdc/device/udi_cdc.o
 .text.udi_cdc_data_sof_notify
                0x00000318       0x10 src/ASF/common/services/usb/class/cdc/device/udi_cdc.o
                0x00000318                udi_cdc_data_sof_notify
 .text.udi_cdc_ctrl_state_notify
                0x00000328       0x4c src/ASF/common/services/usb/class/cdc/device/udi_cdc.o
 .text.udi_cdc_ctrl_state_change
                0x00000374       0x50 src/ASF/common/services/usb/class/cdc/device/udi_cdc.o
 .text.udi_cdc_serial_state_msg_sent
                0x000003c4       0x34 src/ASF/common/services/usb/class/cdc/device/udi_cdc.o
 .text.udi_cdc_data_disable
                0x000003f8       0x28 src/ASF/common/services/usb/class/cdc/device/udi_cdc.o
                0x000003f8                udi_cdc_data_disable
 .text.udi_cdc_comm_setup
                0x00000420       0x94 src/ASF/common/services/usb/class/cdc/device/udi_cdc.o
                0x00000420                udi_cdc_comm_setup
 .text.udi_cdc_signal_overrun
                0x000004b4       0x14 src/ASF/common/services/usb/class/cdc/device/udi_cdc.o
                0x000004b4                udi_cdc_signal_overrun
 .text.udi_cdc_multi_get_nb_received_data
                0x000004c8       0x44 src/ASF/common/services/usb/class/cdc/device/udi_cdc.o
                0x000004c8                udi_cdc_multi_get_nb_received_data
 .text.udi_cdc_multi_is_rx_ready
                0x0000050c       0x14 src/ASF/common/services/usb/class/cdc/device/udi_cdc.o
                0x0000050c                udi_cdc_multi_is_rx_ready
 .text.udi_cdc_rx_start
                0x00000520       0xc4 src/ASF/common/services/usb/class/cdc/device/udi_cdc.o
 .text.udi_cdc_data_enable
                0x000005e4       0x90 src/ASF/common/services/usb/class/cdc/device/udi_cdc.o
                0x000005e4                udi_cdc_data_enable
 .text.udi_cdc_data_received
                0x00000674       0x68 src/ASF/common/services/usb/class/cdc/device/udi_cdc.o
 .text.udi_cdc_is_rx_ready
                0x000006dc       0x10 src/ASF/common/services/usb/class/cdc/device/udi_cdc.o
                0x000006dc                udi_cdc_is_rx_ready
 .text.udi_cdc_multi_getc
                0x000006ec       0xc4 src/ASF/common/services/usb/class/cdc/device/udi_cdc.o
                0x000006ec                udi_cdc_multi_getc
 .text.udi_cdc_getc
                0x000007b0       0x10 src/ASF/common/services/usb/class/cdc/device/udi_cdc.o
                0x000007b0                udi_cdc_getc
 .text.udi_cdc_multi_get_free_tx_buffer
                0x000007c0       0x74 src/ASF/common/services/usb/class/cdc/device/udi_cdc.o
                0x000007c0                udi_cdc_multi_get_free_tx_buffer
 .text.udi_cdc_multi_is_tx_ready
                0x00000834       0x14 src/ASF/common/services/usb/class/cdc/device/udi_cdc.o
                0x00000834                udi_cdc_multi_is_tx_ready
 .text.udi_cdc_is_tx_ready
                0x00000848       0x10 src/ASF/common/services/usb/class/cdc/device/udi_cdc.o
                0x00000848                udi_cdc_is_tx_ready
 .text.udi_cdc_multi_putc
                0x00000858       0xac src/ASF/common/services/usb/class/cdc/device/udi_cdc.o
                0x00000858                udi_cdc_multi_putc
 .text.udi_cdc_putc
                0x00000904       0x10 src/ASF/common/services/usb/class/cdc/device/udi_cdc.o
                0x00000904                udi_cdc_putc
 .text.udc_next_desc_in_iface
                0x00000914       0x4c src/ASF/common/services/usb/udc/udc.o
 .text.udc_valid_address
                0x00000960       0x18 src/ASF/common/services/usb/udc/udc.o
 .text.udc_update_iface_desc
                0x00000978       0x68 src/ASF/common/services/usb/udc/udc.o
 .text.udc_iface_disable
                0x000009e0       0x68 src/ASF/common/services/usb/udc/udc.o
 .text.udc_iface_enable
                0x00000a48       0x58 src/ASF/common/services/usb/udc/udc.o
 .text.udc_start
                0x00000aa0        0xc src/ASF/common/services/usb/udc/udc.o
                0x00000aa0                udc_start
 .text.udc_reset
                0x00000aac       0x4c src/ASF/common/services/usb/udc/udc.o
                0x00000aac                udc_reset
 .text.udc_sof_notify
                0x00000af8       0x40 src/ASF/common/services/usb/udc/udc.o
                0x00000af8                udc_sof_notify
 .text.udc_process_setup
                0x00000b38      0x428 src/ASF/common/services/usb/udc/udc.o
                0x00000b38                udc_process_setup
 .text.EVSYS_Handler
                0x00000f60       0x3c src/ASF/sam0/drivers/events/events_hooks.o
                0x00000f60                EVSYS_Handler
 .text._system_events_init
                0x00000f9c       0x20 src/ASF/sam0/drivers/events/events_sam_l_c/events.o
                0x00000f9c                _system_events_init
 .text._extint_enable
                0x00000fbc       0x20 src/ASF/sam0/drivers/extint/extint_sam_l_c/extint.o
 .text._system_extint_init
                0x00000fdc       0x84 src/ASF/sam0/drivers/extint/extint_sam_l_c/extint.o
                0x00000fdc                _system_extint_init
 .text.RTC_Handler
                0x00001060       0xa4 src/ASF/sam0/drivers/rtc/rtc_sam_l_c/rtc_calendar_interrupt.o
                0x00001060                RTC_Handler
 .text._tc_interrupt_handler
                0x00001104       0x5c src/ASF/sam0/drivers/tc/tc_interrupt.o
                0x00001104                _tc_interrupt_handler
 .text.TC0_Handler
                0x00001160       0x10 src/ASF/sam0/drivers/tc/tc_interrupt.o
                0x00001160                TC0_Handler
 .text.TC1_Handler
                0x00001170       0x10 src/ASF/sam0/drivers/tc/tc_interrupt.o
                0x00001170                TC1_Handler
 .text.TC4_Handler
                0x00001180       0x10 src/ASF/sam0/drivers/tc/tc_interrupt.o
                0x00001180                TC4_Handler
 .text.udd_sleep_mode
                0x00001190       0xac src/ASF/sam0/drivers/usb/stack_interface/usb_device_udd.o
 .text.udd_ep_get_job
                0x0000123c       0x1c src/ASF/sam0/drivers/usb/stack_interface/usb_device_udd.o
 .text.udd_ep_transfer_process
                0x00001258      0x1b0 src/ASF/sam0/drivers/usb/stack_interface/usb_device_udd.o
 .text.udd_ctrl_stall_data
                0x00001408       0x2c src/ASF/sam0/drivers/usb/stack_interface/usb_device_udd.o
 .text._usb_device_lpm_suspend
                0x00001434       0x58 src/ASF/sam0/drivers/usb/stack_interface/usb_device_udd.o
 .text._usb_on_wakeup
                0x0000148c       0x74 src/ASF/sam0/drivers/usb/stack_interface/usb_device_udd.o
 .text._usb_on_bus_reset
                0x00001500       0xb0 src/ASF/sam0/drivers/usb/stack_interface/usb_device_udd.o
 .text.udd_ctrl_send_zlp_in
                0x000015b0       0x3c src/ASF/sam0/drivers/usb/stack_interface/usb_device_udd.o
 .text._usb_ep0_on_tansfer_fail
                0x000015ec       0x50 src/ASF/sam0/drivers/usb/stack_interface/usb_device_udd.o
 .text.udd_ctrl_in_sent
                0x0000163c       0xa8 src/ASF/sam0/drivers/usb/stack_interface/usb_device_udd.o
 .text._usb_ep0_on_setup
                0x000016e4       0xe4 src/ASF/sam0/drivers/usb/stack_interface/usb_device_udd.o
 .text._usb_on_sof_notify
                0x000017c8       0x14 src/ASF/sam0/drivers/usb/stack_interface/usb_device_udd.o
 .text._usb_on_suspend
                0x000017dc       0x34 src/ASF/sam0/drivers/usb/stack_interface/usb_device_udd.o
 .text.udd_ep_abort
                0x00001810       0x3c src/ASF/sam0/drivers/usb/stack_interface/usb_device_udd.o
                0x00001810                udd_ep_abort
 .text.udd_is_high_speed
                0x0000184c        0x4 src/ASF/sam0/drivers/usb/stack_interface/usb_device_udd.o
                0x0000184c                udd_is_high_speed
 .text.udd_get_frame_number
                0x00001850       0x10 src/ASF/sam0/drivers/usb/stack_interface/usb_device_udd.o
                0x00001850                udd_get_frame_number
 .text.udd_get_micro_frame_number
                0x00001860       0x10 src/ASF/sam0/drivers/usb/stack_interface/usb_device_udd.o
                0x00001860                udd_get_micro_frame_number
 .text.udd_ep_free
                0x00001870       0x58 src/ASF/sam0/drivers/usb/stack_interface/usb_device_udd.o
                0x00001870                udd_ep_free
 .text.udd_ep_alloc
                0x000018c8      0x108 src/ASF/sam0/drivers/usb/stack_interface/usb_device_udd.o
                0x000018c8                udd_ep_alloc
 .text.udd_ep_is_halted
                0x000019d0       0x14 src/ASF/sam0/drivers/usb/stack_interface/usb_device_udd.o
                0x000019d0                udd_ep_is_halted
 .text.udd_ep_set_halt
                0x000019e4       0x30 src/ASF/sam0/drivers/usb/stack_interface/usb_device_udd.o
                0x000019e4                udd_ep_set_halt
 .text._usb_ep0_on_tansfer_ok
                0x00001a14      0x100 src/ASF/sam0/drivers/usb/stack_interface/usb_device_udd.o
 .text.udd_ep_clear_halt
                0x00001b14       0x44 src/ASF/sam0/drivers/usb/stack_interface/usb_device_udd.o
                0x00001b14                udd_ep_clear_halt
 .text.udd_ep_run
                0x00001b58      0x1d8 src/ASF/sam0/drivers/usb/stack_interface/usb_device_udd.o
                0x00001b58                udd_ep_run
 .text.udd_set_address
                0x00001d30       0x10 src/ASF/sam0/drivers/usb/stack_interface/usb_device_udd.o
                0x00001d30                udd_set_address
 .text.udd_getaddress
                0x00001d40       0x10 src/ASF/sam0/drivers/usb/stack_interface/usb_device_udd.o
                0x00001d40                udd_getaddress
 .text.udd_set_setup_payload
                0x00001d50        0xc src/ASF/sam0/drivers/usb/stack_interface/usb_device_udd.o
                0x00001d50                udd_set_setup_payload
 .text.udd_attach
                0x00001d5c       0x84 src/ASF/sam0/drivers/usb/stack_interface/usb_device_udd.o
                0x00001d5c                udd_attach
 .text.udd_enable
                0x00001de0       0x98 src/ASF/sam0/drivers/usb/stack_interface/usb_device_udd.o
                0x00001de0                udd_enable
 .text.vcp_echo
                0x00001e78       0x3c src/USB_VCP.o
                0x00001e78                vcp_echo
 .text.vcp_rx_notify
                0x00001eb4       0x18 src/USB_VCP.o
                0x00001eb4                vcp_rx_notify
 .text.ui_init  0x00001ecc        0x4 src/USB_VCP.o
                0x00001ecc                ui_init
 .text.ui_powerdown
                0x00001ed0        0x4 src/USB_VCP.o
                0x00001ed0                ui_powerdown
 .text.ui_wakeup_enable
                0x00001ed4        0x4 src/USB_VCP.o
                0x00001ed4                ui_wakeup_enable
 .text.ui_wakeup_disable
                0x00001ed8        0x4 src/USB_VCP.o
                0x00001ed8                ui_wakeup_disable
 .text.ui_wakeup
                0x00001edc        0x4 src/USB_VCP.o
                0x00001edc                ui_wakeup
 .text.ui_com_open
                0x00001ee0        0x4 src/USB_VCP.o
                0x00001ee0                ui_com_open
 .text.ui_com_close
                0x00001ee4        0x4 src/USB_VCP.o
                0x00001ee4                ui_com_close
 .text.ui_process
                0x00001ee8        0x4 src/USB_VCP.o
                0x00001ee8                ui_process
 .text.usb_device_register_callback
                0x00001eec       0x20 src/ASF/sam0/drivers/usb/usb_sam_l/usb.o
                0x00001eec                usb_device_register_callback
 .text.usb_device_enable_callback
                0x00001f0c       0x20 src/ASF/sam0/drivers/usb/usb_sam_l/usb.o
                0x00001f0c                usb_device_enable_callback
 .text.usb_device_disable_callback
                0x00001f2c       0x1c src/ASF/sam0/drivers/usb/usb_sam_l/usb.o
                0x00001f2c                usb_device_disable_callback
 .text.usb_device_endpoint_register_callback
                0x00001f48       0x28 src/ASF/sam0/drivers/usb/usb_sam_l/usb.o
                0x00001f48                usb_device_endpoint_register_callback
 .text.usb_device_endpoint_unregister_callback
                0x00001f70       0x28 src/ASF/sam0/drivers/usb/usb_sam_l/usb.o
                0x00001f70                usb_device_endpoint_unregister_callback
 .text.usb_device_endpoint_enable_callback
                0x00001f98       0xdc src/ASF/sam0/drivers/usb/usb_sam_l/usb.o
                0x00001f98                usb_device_endpoint_enable_callback
 .text.usb_device_endpoint_disable_callback
                0x00002074       0xdc src/ASF/sam0/drivers/usb/usb_sam_l/usb.o
                0x00002074                usb_device_endpoint_disable_callback
 .text.usb_device_endpoint_get_config_defaults
                0x00002150       0x10 src/ASF/sam0/drivers/usb/usb_sam_l/usb.o
                0x00002150                usb_device_endpoint_get_config_defaults
 .text.usb_device_endpoint_set_config
                0x00002160      0x254 src/ASF/sam0/drivers/usb/usb_sam_l/usb.o
                0x00002160                usb_device_endpoint_set_config
 .text.usb_device_endpoint_abort_job
                0x000023b4       0x38 src/ASF/sam0/drivers/usb/usb_sam_l/usb.o
                0x000023b4                usb_device_endpoint_abort_job
 .text.usb_device_endpoint_is_halted
                0x000023ec       0x2c src/ASF/sam0/drivers/usb/usb_sam_l/usb.o
                0x000023ec                usb_device_endpoint_is_halted
 .text.usb_device_endpoint_set_halt
                0x00002418       0x28 src/ASF/sam0/drivers/usb/usb_sam_l/usb.o
                0x00002418                usb_device_endpoint_set_halt
 .text.usb_device_endpoint_clear_halt
                0x00002440       0x88 src/ASF/sam0/drivers/usb/usb_sam_l/usb.o
                0x00002440                usb_device_endpoint_clear_halt
 .text.usb_device_endpoint_write_buffer_job
                0x000024c8       0x50 src/ASF/sam0/drivers/usb/usb_sam_l/usb.o
                0x000024c8                usb_device_endpoint_write_buffer_job
 .text.usb_device_endpoint_read_buffer_job
                0x00002518       0x4c src/ASF/sam0/drivers/usb/usb_sam_l/usb.o
                0x00002518                usb_device_endpoint_read_buffer_job
 .text.usb_device_endpoint_setup_buffer_job
                0x00002564       0x30 src/ASF/sam0/drivers/usb/usb_sam_l/usb.o
                0x00002564                usb_device_endpoint_setup_buffer_job
 .text.usb_enable
                0x00002594       0x14 src/ASF/sam0/drivers/usb/usb_sam_l/usb.o
                0x00002594                usb_enable
 .text.USB_Handler
                0x000025a8      0x5a0 src/ASF/sam0/drivers/usb/usb_sam_l/usb.o
                0x000025a8                USB_Handler
 .text.usb_get_config_defaults
                0x00002b48       0x10 src/ASF/sam0/drivers/usb/usb_sam_l/usb.o
                0x00002b48                usb_get_config_defaults
 .text.usb_init
                0x00002b58      0x1d8 src/ASF/sam0/drivers/usb/usb_sam_l/usb.o
                0x00002b58                usb_init
 .text.EIC_Handler
                0x00002d30       0x68 src/ASF/sam0/drivers/extint/extint_callback.o
                0x00002d30                EIC_Handler
 .text.system_board_init
                0x00002d98        0x4 src/ASF/common2/boards/user_board/init.o
                0x00002d98                board_init
                0x00002d98                system_board_init
 .text.cpu_irq_enter_critical
                0x00002d9c       0x40 src/ASF/common/utils/interrupt/interrupt_sam_nvic.o
                0x00002d9c                cpu_irq_enter_critical
 .text.cpu_irq_leave_critical
                0x00002ddc       0x30 src/ASF/common/utils/interrupt/interrupt_sam_nvic.o
                0x00002ddc                cpu_irq_leave_critical
 .text.system_clock_source_get_hz
                0x00002e0c       0x94 src/ASF/sam0/drivers/system/clock/clock_saml21/clock.o
                0x00002e0c                system_clock_source_get_hz
 .text.system_clock_source_osc16m_set_config
                0x00002ea0       0x38 src/ASF/sam0/drivers/system/clock/clock_saml21/clock.o
                0x00002ea0                system_clock_source_osc16m_set_config
 .text.system_clock_source_xosc32k_set_config
                0x00002ed8       0xb4 src/ASF/sam0/drivers/system/clock/clock_saml21/clock.o
                0x00002ed8                system_clock_source_xosc32k_set_config
 .text.system_clock_source_dfll_set_config
                0x00002f8c       0x88 src/ASF/sam0/drivers/system/clock/clock_saml21/clock.o
                0x00002f8c                system_clock_source_dfll_set_config
 .text.system_clock_source_enable
                0x00003014       0xbc src/ASF/sam0/drivers/system/clock/clock_saml21/clock.o
                0x00003014                system_clock_source_enable
 .text.system_clock_source_disable
                0x000030d0       0x80 src/ASF/sam0/drivers/system/clock/clock_saml21/clock.o
                0x000030d0                system_clock_source_disable
 .text.system_clock_init
                0x00003150      0x228 src/ASF/sam0/drivers/system/clock/clock_saml21/clock.o
                0x00003150                system_clock_init
 .text.system_gclk_init
                0x00003378       0x24 src/ASF/sam0/drivers/system/clock/clock_saml21/gclk.o
                0x00003378                system_gclk_init
 .text.system_gclk_gen_set_config
                0x0000339c       0xac src/ASF/sam0/drivers/system/clock/clock_saml21/gclk.o
                0x0000339c                system_gclk_gen_set_config
 .text.system_gclk_gen_enable
                0x00003448       0x40 src/ASF/sam0/drivers/system/clock/clock_saml21/gclk.o
                0x00003448                system_gclk_gen_enable
 .text.system_gclk_gen_get_hz
                0x00003488       0x6c src/ASF/sam0/drivers/system/clock/clock_saml21/gclk.o
                0x00003488                system_gclk_gen_get_hz
 .text.system_gclk_chan_enable
                0x000034f4       0x34 src/ASF/sam0/drivers/system/clock/clock_saml21/gclk.o
                0x000034f4                system_gclk_chan_enable
 .text.system_gclk_chan_disable
                0x00003528       0x34 src/ASF/sam0/drivers/system/clock/clock_saml21/gclk.o
                0x00003528                system_gclk_chan_disable
 .text.system_gclk_chan_set_config
                0x0000355c       0x24 src/ASF/sam0/drivers/system/clock/clock_saml21/gclk.o
                0x0000355c                system_gclk_chan_set_config
 .text.system_gclk_chan_get_hz
                0x00003580       0x30 src/ASF/sam0/drivers/system/clock/clock_saml21/gclk.o
                0x00003580                system_gclk_chan_get_hz
 .text._system_pinmux_config
                0x000035b0       0xa8 src/ASF/sam0/drivers/system/pinmux/pinmux.o
 .text.system_pinmux_pin_set_config
                0x00003658       0x30 src/ASF/sam0/drivers/system/pinmux/pinmux.o
                0x00003658                system_pinmux_pin_set_config
 .text._system_dummy_init
                0x00003688        0x4 src/ASF/sam0/drivers/system/system.o
                0x00003688                _system_dummy_init
                0x00003688                _system_divas_init
 .text.system_init
                0x0000368c       0x2c src/ASF/sam0/drivers/system/system.o
                0x0000368c                system_init
 .text.Dummy_Handler
                0x000036b8        0x4 src/ASF/sam0/utils/cmsis/saml21/source/gcc/startup_saml21.o
                0x000036b8                DMAC_Handler
                0x000036b8                TRNG_Handler
                0x000036b8                HardFault_Handler
                0x000036b8                AC_Handler
                0x000036b8                SysTick_Handler
                0x000036b8                PendSV_Handler
                0x000036b8                NMI_Handler
                0x000036b8                SERCOM1_Handler
                0x000036b8                ADC_Handler
                0x000036b8                TCC1_Handler
                0x000036b8                SERCOM2_Handler
                0x000036b8                TCC0_Handler
                0x000036b8                WDT_Handler
                0x000036b8                Dummy_Handler
                0x000036b8                SERCOM5_Handler
                0x000036b8                SVC_Handler
                0x000036b8                TCC2_Handler
                0x000036b8                SERCOM3_Handler
                0x000036b8                SERCOM4_Handler
                0x000036b8                NVMCTRL_Handler
                0x000036b8                SYSTEM_Handler
                0x000036b8                SERCOM0_Handler
                0x000036b8                DAC_Handler
                0x000036b8                PTC_Handler
                0x000036b8                AES_Handler
 .text.Reset_Handler
                0x000036bc       0xa8 src/ASF/sam0/utils/cmsis/saml21/source/gcc/startup_saml21.o
                0x000036bc                Reset_Handler
 .text.main     0x00003764       0x68 src/main.o
                0x00003764                main
 .text.main_suspend_action
                0x000037cc        0xc src/main.o
                0x000037cc                main_suspend_action
 .text.main_resume_action
                0x000037d8        0xc src/main.o
                0x000037d8                main_resume_action
 .text.main_sof_action
                0x000037e4       0x20 src/main.o
                0x000037e4                main_sof_action
 .text.main_suspend_lpm_action
                0x00003804        0xc src/main.o
                0x00003804                main_suspend_lpm_action
 .text.main_remotewakeup_lpm_disable
                0x00003810        0xc src/main.o
                0x00003810                main_remotewakeup_lpm_disable
 .text.main_remotewakeup_lpm_enable
                0x0000381c        0xc src/main.o
                0x0000381c                main_remotewakeup_lpm_enable
 .text.main_cdc_enable
                0x00003828       0x10 src/main.o
                0x00003828                main_cdc_enable
 .text.main_cdc_disable
                0x00003838        0xc src/main.o
                0x00003838                main_cdc_disable
 .text.main_cdc_set_dtr
                0x00003844       0x1c src/main.o
                0x00003844                main_cdc_set_dtr
 .text          0x00003860      0x120 c:/program files (x86)/atmel/studio/7.0/toolchain/arm/arm-gnu-toolchain/bin/../lib/gcc/arm-none-eabi/4.9.3/armv6-m\libgcc.a(_udivsi3.o)
                0x00003860                __aeabi_uidiv
                0x00003860                __udivsi3
                0x0000396c                __aeabi_uidivmod
 .text          0x00003980      0x1e0 c:/program files (x86)/atmel/studio/7.0/toolchain/arm/arm-gnu-toolchain/bin/../lib/gcc/arm-none-eabi/4.9.3/armv6-m\libgcc.a(_divsi3.o)
                0x00003980                __divsi3
                0x00003980                __aeabi_idiv
                0x00003b4c                __aeabi_idivmod
 .text          0x00003b60        0x4 c:/program files (x86)/atmel/studio/7.0/toolchain/arm/arm-gnu-toolchain/bin/../lib/gcc/arm-none-eabi/4.9.3/armv6-m\libgcc.a(_dvmd_tls.o)
                0x00003b60                __aeabi_idiv0
                0x00003b60                __aeabi_ldiv0
 .text          0x00003b64       0x40 c:/program files (x86)/atmel/studio/7.0/toolchain/arm/arm-gnu-toolchain/bin/../lib/gcc/arm-none-eabi/4.9.3/armv6-m\libgcc.a(_ctzsi2.o)
                0x00003b64                __ctzsi2
 .text.__libc_init_array
                0x00003ba4       0x4c c:/program files (x86)/atmel/studio/7.0/toolchain/arm/arm-gnu-toolchain/bin/../lib/gcc/arm-none-eabi/4.9.3/../../../../arm-none-eabi/lib/armv6-m\libc_nano.a(lib_a-init.o)
                0x00003ba4                __libc_init_array
 .text.memcpy   0x00003bf0       0x12 c:/program files (x86)/atmel/studio/7.0/toolchain/arm/arm-gnu-toolchain/bin/../lib/gcc/arm-none-eabi/4.9.3/../../../../arm-none-eabi/lib/armv6-m\libc_nano.a(lib_a-memcpy.o)
                0x00003bf0                memcpy
 .text.memset   0x00003c02       0x10 c:/program files (x86)/atmel/studio/7.0/toolchain/arm/arm-gnu-toolchain/bin/../lib/gcc/arm-none-eabi/4.9.3/../../../../arm-none-eabi/lib/armv6-m\libc_nano.a(lib_a-memset.o)
                0x00003c02                memset
 *(.glue_7t)
 .glue_7t       0x00000000        0x0 linker stubs
 *(.glue_7)
 .glue_7        0x00000000        0x0 linker stubs
 *(.rodata .rodata* .gnu.linkonce.r.*)
 *fill*         0x00003c12        0x2 
 .rodata        0x00003c14        0x4 src/ASF/sam0/drivers/usb/stack_interface/usb_device_udd.o
 .rodata.usb_device_endpoint_set_config
                0x00003c18       0x14 src/ASF/sam0/drivers/usb/usb_sam_l/usb.o
 .rodata._usb_device_irq_bits
                0x00003c2c        0xe src/ASF/sam0/drivers/usb/usb_sam_l/usb.o
 *fill*         0x00003c3a        0x2 
 .rodata._usb_endpoint_irq_bits
                0x00003c3c        0x4 src/ASF/sam0/drivers/usb/usb_sam_l/usb.o
 .rodata.system_clock_source_get_hz
                0x00003c40       0x24 src/ASF/sam0/drivers/system/clock/clock_saml21/clock.o
 .rodata.system_clock_source_enable
                0x00003c64       0x24 src/ASF/sam0/drivers/system/clock/clock_saml21/clock.o
 .rodata.system_clock_source_disable
                0x00003c88       0x24 src/ASF/sam0/drivers/system/clock/clock_saml21/clock.o
 *(.ARM.extab* .gnu.linkonce.armextab.*)
                0x00003cac                . = ALIGN (0x4)
 *(.init)
 .init          0x00003cac        0x4 c:/program files (x86)/atmel/studio/7.0/toolchain/arm/arm-gnu-toolchain/bin/../lib/gcc/arm-none-eabi/4.9.3/armv6-m/crti.o
                0x00003cac                _init
 .init          0x00003cb0        0x8 c:/program files (x86)/atmel/studio/7.0/toolchain/arm/arm-gnu-toolchain/bin/../lib/gcc/arm-none-eabi/4.9.3/armv6-m/crtn.o
                0x00003cb8                . = ALIGN (0x4)
                0x00003cb8                __preinit_array_start = .
 *(.preinit_array)
                0x00003cb8                __preinit_array_end = .
                0x00003cb8                . = ALIGN (0x4)
                0x00003cb8                __init_array_start = .
 *(SORT(.init_array.*))
 *(.init_array)
 .init_array    0x00003cb8        0x4 c:/program files (x86)/atmel/studio/7.0/toolchain/arm/arm-gnu-toolchain/bin/../lib/gcc/arm-none-eabi/4.9.3/armv6-m/crtbegin.o
                0x00003cbc                __init_array_end = .
                0x00003cbc                . = ALIGN (0x4)
 *crtbegin.o(.ctors)
 *(EXCLUDE_FILE(*crtend.o) .ctors)
 *(SORT(.ctors.*))
 *crtend.o(.ctors)
                0x00003cbc                . = ALIGN (0x4)
 *(.fini)
 .fini          0x00003cbc        0x4 c:/program files (x86)/atmel/studio/7.0/toolchain/arm/arm-gnu-toolchain/bin/../lib/gcc/arm-none-eabi/4.9.3/armv6-m/crti.o
                0x00003cbc                _fini
 .fini          0x00003cc0        0x8 c:/program files (x86)/atmel/studio/7.0/toolchain/arm/arm-gnu-toolchain/bin/../lib/gcc/arm-none-eabi/4.9.3/armv6-m/crtn.o
                0x00003cc8                . = ALIGN (0x4)
                0x00003cc8                __fini_array_start = .
 *(.fini_array)
 .fini_array    0x00003cc8        0x4 c:/program files (x86)/atmel/studio/7.0/toolchain/arm/arm-gnu-toolchain/bin/../lib/gcc/arm-none-eabi/4.9.3/armv6-m/crtbegin.o
 *(SORT(.fini_array.*))
                0x00003ccc                __fini_array_end = .
 *crtbegin.o(.dtors)
 *(EXCLUDE_FILE(*crtend.o) .dtors)
 *(SORT(.dtors.*))
 *crtend.o(.dtors)
                0x00003ccc                . = ALIGN (0x4)
                0x00003ccc                _efixed = .
                0x00003ccc                PROVIDE (__exidx_start, .)

.vfp11_veneer   0x00003ccc        0x0
 .vfp11_veneer  0x00000000        0x0 linker stubs

.v4_bx          0x00003ccc        0x0
 .v4_bx         0x00000000        0x0 linker stubs

.iplt           0x00003ccc        0x0
 .iplt          0x00000000        0x0 c:/program files (x86)/atmel/studio/7.0/toolchain/arm/arm-gnu-toolchain/bin/../lib/gcc/arm-none-eabi/4.9.3/armv6-m/crtbegin.o

.eh_frame       0x00003ccc        0x0
 .eh_frame      0x00003ccc        0x0 c:/program files (x86)/atmel/studio/7.0/toolchain/arm/arm-gnu-toolchain/bin/../lib/gcc/arm-none-eabi/4.9.3/armv6-m/crtbegin.o

.rel.dyn        0x00003ccc        0x0
 .rel.iplt      0x00000000        0x0 c:/program files (x86)/atmel/studio/7.0/toolchain/arm/arm-gnu-toolchain/bin/../lib/gcc/arm-none-eabi/4.9.3/armv6-m/crtbegin.o

.jcr            0x00003ccc        0x0
 .jcr           0x00003ccc        0x0 c:/program files (x86)/atmel/studio/7.0/toolchain/arm/arm-gnu-toolchain/bin/../lib/gcc/arm-none-eabi/4.9.3/armv6-m/crtbegin.o

.igot.plt       0x00003ccc        0x0
 .igot.plt      0x00000000        0x0 c:/program files (x86)/atmel/studio/7.0/toolchain/arm/arm-gnu-toolchain/bin/../lib/gcc/arm-none-eabi/4.9.3/armv6-m/crtbegin.o

.ARM.exidx
 *(.ARM.exidx* .gnu.linkonce.armexidx.*)
                0x00003ccc                PROVIDE (__exidx_end, .)
                0x00003ccc                . = ALIGN (0x4)
                0x00003ccc                _etext = .

.relocate       0x20000000       0xf8 load address 0x00003ccc
                0x20000000                . = ALIGN (0x4)
                0x20000000                _srelocate = .
 *(.ramfunc .ramfunc.*)
 *(.data .data.*)
 .data.udi_api_cdc_data
                0x20000000       0x14 src/ASF/common/services/usb/class/cdc/device/udi_cdc.o
                0x20000000                udi_api_cdc_data
 .data.udi_api_cdc_comm
                0x20000014       0x14 src/ASF/common/services/usb/class/cdc/device/udi_cdc.o
                0x20000014                udi_api_cdc_comm
 .data.udc_string_product_name
                0x20000028       0x10 src/ASF/common/services/usb/udc/udc.o
 .data.udc_string_manufacturer_name
                0x20000038        0x6 src/ASF/common/services/usb/udc/udc.o
 *fill*         0x2000003e        0x2 
 .data.udc_string_desc
                0x20000040       0x20 src/ASF/common/services/usb/udc/udc.o
 .data.udc_string_desc_languageid
                0x20000060        0x4 src/ASF/common/services/usb/udc/udc.o
 .data._events_inst
                0x20000064       0x14 src/ASF/sam0/drivers/events/events_sam_l_c/events.o
                0x20000064                _events_inst
 .data.udc_device_lpm
                0x20000078        0xc src/ASF/common/services/usb/class/cdc/device/udi_cdc_desc.o
                0x20000078                udc_device_lpm
 .data.udc_config
                0x20000084        0xc src/ASF/common/services/usb/class/cdc/device/udi_cdc_desc.o
                0x20000084                udc_config
 .data.udi_apis
                0x20000090        0x8 src/ASF/common/services/usb/class/cdc/device/udi_cdc_desc.o
                0x20000090                udi_apis
 .data.udc_config_fs
                0x20000098        0x8 src/ASF/common/services/usb/class/cdc/device/udi_cdc_desc.o
                0x20000098                udc_config_fs
 .data.udc_device_desc
                0x200000a0       0x12 src/ASF/common/services/usb/class/cdc/device/udi_cdc_desc.o
                0x200000a0                udc_device_desc
 *fill*         0x200000b2        0x2 
 .data.udc_desc_fs
                0x200000b4       0x43 src/ASF/common/services/usb/class/cdc/device/udi_cdc_desc.o
                0x200000b4                udc_desc_fs
 .data.g_interrupt_enabled
                0x200000f7        0x1 src/ASF/common/utils/interrupt/interrupt_sam_nvic.o
                0x200000f7                g_interrupt_enabled
                0x200000f8                . = ALIGN (0x4)
                0x200000f8                _erelocate = .

.lpram          0x30000000        0x0
                0x30000000                . = ALIGN (0x8)
                0x30000000                _slpram = .
 *(.lpram .lpram.*)
                0x30000000                . = ALIGN (0x8)
                0x30000000                _elpram = .

.bss            0x200000f8      0xa14 load address 0x00003dc4
                0x200000f8                . = ALIGN (0x4)
                0x200000f8                _sbss = .
                0x200000f8                _szero = .
 *(.bss .bss.*)
 .bss           0x200000f8       0x1c c:/program files (x86)/atmel/studio/7.0/toolchain/arm/arm-gnu-toolchain/bin/../lib/gcc/arm-none-eabi/4.9.3/armv6-m/crtbegin.o
 .bss.udi_cdc_line_coding
                0x20000114        0x7 src/ASF/common/services/usb/class/cdc/device/udi_cdc.o
 .bss.udi_cdc_nb_data_enabled
                0x2000011b        0x1 src/ASF/common/services/usb/class/cdc/device/udi_cdc.o
 .bss.udi_cdc_tx_buf_sel
                0x2000011c        0x1 src/ASF/common/services/usb/class/cdc/device/udi_cdc.o
 *fill*         0x2000011d        0x3 
 .bss.udi_cdc_tx_buf_nb
                0x20000120        0x4 src/ASF/common/services/usb/class/cdc/device/udi_cdc.o
 .bss.udi_cdc_tx_buf
                0x20000124      0x280 src/ASF/common/services/usb/class/cdc/device/udi_cdc.o
 .bss.udi_cdc_rx_buf_nb
                0x200003a4        0x4 src/ASF/common/services/usb/class/cdc/device/udi_cdc.o
 .bss.udi_cdc_nb_comm_enabled
                0x200003a8        0x1 src/ASF/common/services/usb/class/cdc/device/udi_cdc.o
 *fill*         0x200003a9        0x3 
 .bss.udi_cdc_serial_state_msg_ongoing
                0x200003ac        0x1 src/ASF/common/services/usb/class/cdc/device/udi_cdc.o
 *fill*         0x200003ad        0x3 
 .bss.udi_cdc_rx_pos
                0x200003b0        0x2 src/ASF/common/services/usb/class/cdc/device/udi_cdc.o
 *fill*         0x200003b2        0x2 
 .bss.udi_cdc_tx_sof_num
                0x200003b4        0x2 src/ASF/common/services/usb/class/cdc/device/udi_cdc.o
 .bss.udi_cdc_data_running
                0x200003b6        0x1 src/ASF/common/services/usb/class/cdc/device/udi_cdc.o
 *fill*         0x200003b7        0x1 
 .bss.sof_zlp_counter.15334
                0x200003b8        0x2 src/ASF/common/services/usb/class/cdc/device/udi_cdc.o
 *fill*         0x200003ba        0x2 
 .bss.udi_cdc_rx_buf_sel
                0x200003bc        0x1 src/ASF/common/services/usb/class/cdc/device/udi_cdc.o
 *fill*         0x200003bd        0x3 
 .bss.udi_cdc_tx_trans_ongoing
                0x200003c0        0x1 src/ASF/common/services/usb/class/cdc/device/udi_cdc.o
 *fill*         0x200003c1        0x3 
 .bss.uid_cdc_state_msg
                0x200003c4        0xa src/ASF/common/services/usb/class/cdc/device/udi_cdc.o
 *fill*         0x200003ce        0x2 
 .bss.udi_cdc_rx_buf
                0x200003d0      0x280 src/ASF/common/services/usb/class/cdc/device/udi_cdc.o
 .bss.udi_cdc_rx_trans_ongoing
                0x20000650        0x1 src/ASF/common/services/usb/class/cdc/device/udi_cdc.o
 *fill*         0x20000651        0x3 
 .bss.udi_cdc_tx_both_buf_to_send
                0x20000654        0x1 src/ASF/common/services/usb/class/cdc/device/udi_cdc.o
 *fill*         0x20000655        0x3 
 .bss.udi_cdc_state
                0x20000658        0x2 src/ASF/common/services/usb/class/cdc/device/udi_cdc.o
 *fill*         0x2000065a        0x2 
 .bss.udc_ptr_conf
                0x2000065c        0x4 src/ASF/common/services/usb/udc/udc.o
 .bss.udc_iface_setting
                0x20000660        0x1 src/ASF/common/services/usb/udc/udc.o
 *fill*         0x20000661        0x1 
 .bss.udc_ep_status.15080
                0x20000662        0x2 src/ASF/common/services/usb/udc/udc.o
 .bss.udc_device_status
                0x20000664        0x2 src/ASF/common/services/usb/udc/udc.o
 *fill*         0x20000666        0x2 
 .bss.udc_num_configuration
                0x20000668        0x1 src/ASF/common/services/usb/udc/udc.o
 *fill*         0x20000669        0x3 
 .bss.udc_ptr_iface
                0x2000066c        0x4 src/ASF/common/services/usb/udc/udc.o
 .bss.b_shortpacket.15331
                0x20000670        0x1 src/ASF/sam0/drivers/usb/stack_interface/usb_device_udd.o
 *fill*         0x20000671        0x1 
 .bss.udd_ctrl_prev_payload_nb_trans
                0x20000672        0x2 src/ASF/sam0/drivers/usb/stack_interface/usb_device_udd.o
 .bss.udd_ep_job
                0x20000674       0x78 src/ASF/sam0/drivers/usb/stack_interface/usb_device_udd.o
 .bss.udd_ctrl_payload_nb_trans
                0x200006ec        0x2 src/ASF/sam0/drivers/usb/stack_interface/usb_device_udd.o
 .bss.udd_state.15188
                0x200006ee        0x1 src/ASF/sam0/drivers/usb/stack_interface/usb_device_udd.o
 .bss.udd_ep_control_state
                0x200006ef        0x1 src/ASF/sam0/drivers/usb/stack_interface/usb_device_udd.o
 .bss.device_callback_lpm_wakeup_enable
                0x200006f0        0x4 src/ASF/sam0/drivers/usb/usb_sam_l/usb.o
 .bss.pipe_callback_para
                0x200006f4        0x6 src/ASF/sam0/drivers/usb/usb_sam_l/usb.o
 *fill*         0x200006fa        0x2 
 .bss.host_pipe_job_busy_status
                0x200006fc        0x4 src/ASF/sam0/drivers/usb/usb_sam_l/usb.o
                0x200006fc                host_pipe_job_busy_status
 .bss.ep_callback_para
                0x20000700        0x8 src/ASF/sam0/drivers/usb/usb_sam_l/usb.o
 .bss._usb_instances
                0x20000708        0x4 src/ASF/sam0/drivers/usb/usb_sam_l/usb.o
 .bss.cpu_irq_critical_section_counter
                0x2000070c        0x4 src/ASF/common/utils/interrupt/interrupt_sam_nvic.o
 .bss.cpu_irq_prev_interrupt_state
                0x20000710        0x1 src/ASF/common/utils/interrupt/interrupt_sam_nvic.o
 *fill*         0x20000711        0x3 
 .bss._system_clock_inst
                0x20000714       0x18 src/ASF/sam0/drivers/system/clock/clock_saml21/clock.o
 .bss.main_b_cdc_enable
                0x2000072c        0x1 src/main.o
 *(COMMON)
 *fill*         0x2000072d        0x3 
 COMMON         0x20000730        0x5 src/ASF/common/services/sleepmgr/saml/sleepmgr.o
                0x20000730                sleepmgr_locks
 *fill*         0x20000735        0x3 
 COMMON         0x20000738       0x40 src/ASF/sam0/drivers/extint/extint_sam_l_c/extint.o
                0x20000738                _extint_dev
 COMMON         0x20000778        0x4 src/ASF/sam0/drivers/rtc/rtc_sam_l_c/rtc_calendar.o
                0x20000778                _rtc_instance
 COMMON         0x2000077c        0xc src/ASF/sam0/drivers/tc/tc_interrupt.o
                0x2000077c                _tc_instances
 COMMON         0x20000788      0x280 src/ASF/sam0/drivers/usb/stack_interface/usb_device_udd.o
                0x20000788                udd_ep_out_cache_buffer
                0x20000848                usb_device
                0x200009b0                udd_g_ctrlreq
                0x200009c8                udd_ctrl_buffer
 COMMON         0x20000a08      0x100 src/ASF/sam0/drivers/usb/usb_sam_l/usb.o
                0x20000a08                usb_descriptor_table
 COMMON         0x20000b08        0x1 src/ASF/sam0/drivers/extint/extint_callback.o
                0x20000b08                _current_channel
                0x20000b0c                . = ALIGN (0x4)
 *fill*         0x20000b09        0x3 
                0x20000b0c                _ebss = .
                0x20000b0c                _ezero = .

.stack          0x20000b0c     0x2004 load address 0x000047d8
                0x20000b10                . = ALIGN (0x8)
 *fill*         0x20000b0c        0x4 
                0x20000b10                _sstack = .
                0x20002b10                . = (. + STACK_SIZE)
 *fill*         0x20000b10     0x2000 
                0x20002b10                . = ALIGN (0x8)
                0x20002b10                _estack = .
                0x20002b10                . = ALIGN (0x4)
                0x20002b10                _end = .
OUTPUT(USB_Client.elf elf32-littlearm)

.ARM.attributes
                0x00000000       0x28
 .ARM.attributes
                0x00000000       0x1e c:/program files (x86)/atmel/studio/7.0/toolchain/arm/arm-gnu-toolchain/bin/../lib/gcc/arm-none-eabi/4.9.3/armv6-m/crti.o
 .ARM.attributes
                0x0000001e       0x2c c:/program files (x86)/atmel/studio/7.0/toolchain/arm/arm-gnu-toolchain/bin/../lib/gcc/arm-none-eabi/4.9.3/armv6-m/crtbegin.o
 .ARM.attributes
                0x0000004a       0x32 src/ASF/common/services/sleepmgr/saml/sleepmgr.o
 .ARM.attributes
                0x0000007c       0x32 src/ASF/common/services/usb/class/cdc/device/udi_cdc.o
 .ARM.attributes
                0x000000ae       0x32 src/ASF/common/services/usb/udc/udc.o
 .ARM.attributes
                0x000000e0       0x32 src/ASF/sam0/drivers/events/events_hooks.o
 .ARM.attributes
                0x00000112       0x32 src/ASF/sam0/drivers/events/events_sam_l_c/events.o
 .ARM.attributes
                0x00000144       0x32 src/ASF/sam0/drivers/extint/extint_sam_l_c/extint.o
 .ARM.attributes
                0x00000176       0x32 src/ASF/sam0/drivers/rtc/rtc_sam_l_c/rtc_calendar.o
 .ARM.attributes
                0x000001a8       0x32 src/ASF/sam0/drivers/rtc/rtc_sam_l_c/rtc_calendar_interrupt.o
 .ARM.attributes
                0x000001da       0x32 src/ASF/sam0/drivers/tc/tc_interrupt.o
 .ARM.attributes
                0x0000020c       0x32 src/ASF/sam0/drivers/usb/stack_interface/usb_device_udd.o
 .ARM.attributes
                0x0000023e       0x32 src/USB_VCP.o
 .ARM.attributes
                0x00000270       0x32 src/ASF/sam0/drivers/usb/usb_sam_l/usb.o
 .ARM.attributes
                0x000002a2       0x32 src/ASF/sam0/drivers/extint/extint_callback.o
 .ARM.attributes
                0x000002d4       0x32 src/ASF/common/services/usb/class/cdc/device/udi_cdc_desc.o
 .ARM.attributes
                0x00000306       0x32 src/ASF/common2/boards/user_board/init.o
 .ARM.attributes
                0x00000338       0x32 src/ASF/common/utils/interrupt/interrupt_sam_nvic.o
 .ARM.attributes
                0x0000036a       0x32 src/ASF/sam0/drivers/system/clock/clock_saml21/clock.o
 .ARM.attributes
                0x0000039c       0x32 src/ASF/sam0/drivers/system/clock/clock_saml21/gclk.o
 .ARM.attributes
                0x000003ce       0x32 src/ASF/sam0/drivers/system/pinmux/pinmux.o
 .ARM.attributes
                0x00000400       0x32 src/ASF/sam0/drivers/system/system.o
 .ARM.attributes
                0x00000432       0x32 src/ASF/sam0/utils/cmsis/saml21/source/gcc/startup_saml21.o
 .ARM.attributes
                0x00000464       0x32 src/main.o
 .ARM.attributes
                0x00000496       0x1e c:/program files (x86)/atmel/studio/7.0/toolchain/arm/arm-gnu-toolchain/bin/../lib/gcc/arm-none-eabi/4.9.3/armv6-m\libgcc.a(_udivsi3.o)
 .ARM.attributes
                0x000004b4       0x1e c:/program files (x86)/atmel/studio/7.0/toolchain/arm/arm-gnu-toolchain/bin/../lib/gcc/arm-none-eabi/4.9.3/armv6-m\libgcc.a(_divsi3.o)
 .ARM.attributes
                0x000004d2       0x1e c:/program files (x86)/atmel/studio/7.0/toolchain/arm/arm-gnu-toolchain/bin/../lib/gcc/arm-none-eabi/4.9.3/armv6-m\libgcc.a(_dvmd_tls.o)
 .ARM.attributes
                0x000004f0       0x1e c:/program files (x86)/atmel/studio/7.0/toolchain/arm/arm-gnu-toolchain/bin/../lib/gcc/arm-none-eabi/4.9.3/armv6-m\libgcc.a(_ctzsi2.o)
 .ARM.attributes
                0x0000050e       0x2c c:/program files (x86)/atmel/studio/7.0/toolchain/arm/arm-gnu-toolchain/bin/../lib/gcc/arm-none-eabi/4.9.3/../../../../arm-none-eabi/lib/armv6-m\libc_nano.a(lib_a-init.o)
 .ARM.attributes
                0x0000053a       0x2c c:/program files (x86)/atmel/studio/7.0/toolchain/arm/arm-gnu-toolchain/bin/../lib/gcc/arm-none-eabi/4.9.3/../../../../arm-none-eabi/lib/armv6-m\libc_nano.a(lib_a-memcpy.o)
 .ARM.attributes
                0x00000566       0x2c c:/program files (x86)/atmel/studio/7.0/toolchain/arm/arm-gnu-toolchain/bin/../lib/gcc/arm-none-eabi/4.9.3/../../../../arm-none-eabi/lib/armv6-m\libc_nano.a(lib_a-memset.o)
 .ARM.attributes
                0x00000592       0x1e c:/program files (x86)/atmel/studio/7.0/toolchain/arm/arm-gnu-toolchain/bin/../lib/gcc/arm-none-eabi/4.9.3/armv6-m/crtn.o

.comment        0x00000000       0x5b
 .comment       0x00000000       0x5b src/ASF/common/services/sleepmgr/saml/sleepmgr.o
                                 0x5c (size before relaxing)
 .comment       0x00000000       0x5c src/ASF/common/services/usb/class/cdc/device/udi_cdc.o
 .comment       0x00000000       0x5c src/ASF/common/services/usb/udc/udc.o
 .comment       0x00000000       0x5c src/ASF/sam0/drivers/events/events_hooks.o
 .comment       0x00000000       0x5c src/ASF/sam0/drivers/events/events_sam_l_c/events.o
 .comment       0x00000000       0x5c src/ASF/sam0/drivers/extint/extint_sam_l_c/extint.o
 .comment       0x00000000       0x5c src/ASF/sam0/drivers/rtc/rtc_sam_l_c/rtc_calendar.o
 .comment       0x00000000       0x5c src/ASF/sam0/drivers/rtc/rtc_sam_l_c/rtc_calendar_interrupt.o
 .comment       0x00000000       0x5c src/ASF/sam0/drivers/tc/tc_interrupt.o
 .comment       0x00000000       0x5c src/ASF/sam0/drivers/usb/stack_interface/usb_device_udd.o
 .comment       0x00000000       0x5c src/USB_VCP.o
 .comment       0x00000000       0x5c src/ASF/sam0/drivers/usb/usb_sam_l/usb.o
 .comment       0x00000000       0x5c src/ASF/sam0/drivers/extint/extint_callback.o
 .comment       0x00000000       0x5c src/ASF/common/services/usb/class/cdc/device/udi_cdc_desc.o
 .comment       0x00000000       0x5c src/ASF/common2/boards/user_board/init.o
 .comment       0x00000000       0x5c src/ASF/common/utils/interrupt/interrupt_sam_nvic.o
 .comment       0x00000000       0x5c src/ASF/sam0/drivers/system/clock/clock_saml21/clock.o
 .comment       0x00000000       0x5c src/ASF/sam0/drivers/system/clock/clock_saml21/gclk.o
 .comment       0x00000000       0x5c src/ASF/sam0/drivers/system/pinmux/pinmux.o
 .comment       0x00000000       0x5c src/ASF/sam0/drivers/system/system.o
 .comment       0x00000000       0x5c src/ASF/sam0/utils/cmsis/saml21/source/gcc/startup_saml21.o
 .comment       0x00000000       0x5c src/main.o

.debug_info     0x00000000    0x21d97
 .debug_info    0x00000000      0x170 src/ASF/common/services/sleepmgr/saml/sleepmgr.o
 .debug_info    0x00000170     0x1d89 src/ASF/common/services/usb/class/cdc/device/udi_cdc.o
 .debug_info    0x00001ef9     0x12fa src/ASF/common/services/usb/udc/udc.o
 .debug_info    0x000031f3     0x1364 src/ASF/sam0/drivers/events/events_hooks.o
 .debug_info    0x00004557     0x1ea2 src/ASF/sam0/drivers/events/events_sam_l_c/events.o
 .debug_info    0x000063f9     0x1bdd src/ASF/sam0/drivers/extint/extint_sam_l_c/extint.o
 .debug_info    0x00007fd6     0x3a7c src/ASF/sam0/drivers/rtc/rtc_sam_l_c/rtc_calendar.o
 .debug_info    0x0000ba52     0x210a src/ASF/sam0/drivers/rtc/rtc_sam_l_c/rtc_calendar_interrupt.o
 .debug_info    0x0000db5c     0x15ba src/ASF/sam0/drivers/tc/tc_interrupt.o
 .debug_info    0x0000f116     0x525d src/ASF/sam0/drivers/usb/stack_interface/usb_device_udd.o
 .debug_info    0x00014373      0x38b src/USB_VCP.o
 .debug_info    0x000146fe     0x4819 src/ASF/sam0/drivers/usb/usb_sam_l/usb.o
 .debug_info    0x00018f17      0xaff src/ASF/sam0/drivers/extint/extint_callback.o
 .debug_info    0x00019a16      0xbcc src/ASF/common/services/usb/class/cdc/device/udi_cdc_desc.o
 .debug_info    0x0001a5e2      0x156 src/ASF/common2/boards/user_board/init.o
 .debug_info    0x0001a738      0x1ec src/ASF/common/utils/interrupt/interrupt_sam_nvic.o
 .debug_info    0x0001a924     0x3d08 src/ASF/sam0/drivers/system/clock/clock_saml21/clock.o
 .debug_info    0x0001e62c     0x1455 src/ASF/sam0/drivers/system/clock/clock_saml21/gclk.o
 .debug_info    0x0001fa81      0xbbd src/ASF/sam0/drivers/system/pinmux/pinmux.o
 .debug_info    0x0002063e      0x17a src/ASF/sam0/drivers/system/system.o
 .debug_info    0x000207b8      0x9f1 src/ASF/sam0/utils/cmsis/saml21/source/gcc/startup_saml21.o
 .debug_info    0x000211a9      0xbee src/main.o

.debug_abbrev   0x00000000     0x3a44
 .debug_abbrev  0x00000000       0x98 src/ASF/common/services/sleepmgr/saml/sleepmgr.o
 .debug_abbrev  0x00000098      0x3c7 src/ASF/common/services/usb/class/cdc/device/udi_cdc.o
 .debug_abbrev  0x0000045f      0x33d src/ASF/common/services/usb/udc/udc.o
 .debug_abbrev  0x0000079c      0x2ac src/ASF/sam0/drivers/events/events_hooks.o
 .debug_abbrev  0x00000a48      0x418 src/ASF/sam0/drivers/events/events_sam_l_c/events.o
 .debug_abbrev  0x00000e60      0x3d6 src/ASF/sam0/drivers/extint/extint_sam_l_c/extint.o
 .debug_abbrev  0x00001236      0x400 src/ASF/sam0/drivers/rtc/rtc_sam_l_c/rtc_calendar.o
 .debug_abbrev  0x00001636      0x287 src/ASF/sam0/drivers/rtc/rtc_sam_l_c/rtc_calendar_interrupt.o
 .debug_abbrev  0x000018bd      0x259 src/ASF/sam0/drivers/tc/tc_interrupt.o
 .debug_abbrev  0x00001b16      0x55d src/ASF/sam0/drivers/usb/stack_interface/usb_device_udd.o
 .debug_abbrev  0x00002073      0x143 src/USB_VCP.o
 .debug_abbrev  0x000021b6      0x44c src/ASF/sam0/drivers/usb/usb_sam_l/usb.o
 .debug_abbrev  0x00002602      0x28a src/ASF/sam0/drivers/extint/extint_callback.o
 .debug_abbrev  0x0000288c      0x128 src/ASF/common/services/usb/class/cdc/device/udi_cdc_desc.o
 .debug_abbrev  0x000029b4       0xa1 src/ASF/common2/boards/user_board/init.o
 .debug_abbrev  0x00002a55       0xf6 src/ASF/common/utils/interrupt/interrupt_sam_nvic.o
 .debug_abbrev  0x00002b4b      0x3dc src/ASF/sam0/drivers/system/clock/clock_saml21/clock.o
 .debug_abbrev  0x00002f27      0x338 src/ASF/sam0/drivers/system/clock/clock_saml21/gclk.o
 .debug_abbrev  0x0000325f      0x2ce src/ASF/sam0/drivers/system/pinmux/pinmux.o
 .debug_abbrev  0x0000352d       0xb9 src/ASF/sam0/drivers/system/system.o
 .debug_abbrev  0x000035e6      0x1c1 src/ASF/sam0/utils/cmsis/saml21/source/gcc/startup_saml21.o
 .debug_abbrev  0x000037a7      0x29d src/main.o

.debug_aranges  0x00000000      0x9e0
 .debug_aranges
                0x00000000       0x18 src/ASF/common/services/sleepmgr/saml/sleepmgr.o
 .debug_aranges
                0x00000018      0x168 src/ASF/common/services/usb/class/cdc/device/udi_cdc.o
 .debug_aranges
                0x00000180       0x70 src/ASF/common/services/usb/udc/udc.o
 .debug_aranges
                0x000001f0       0x58 src/ASF/sam0/drivers/events/events_hooks.o
 .debug_aranges
                0x00000248       0x80 src/ASF/sam0/drivers/events/events_sam_l_c/events.o
 .debug_aranges
                0x000002c8       0x58 src/ASF/sam0/drivers/extint/extint_sam_l_c/extint.o
 .debug_aranges
                0x00000320       0x78 src/ASF/sam0/drivers/rtc/rtc_sam_l_c/rtc_calendar.o
 .debug_aranges
                0x00000398       0x40 src/ASF/sam0/drivers/rtc/rtc_sam_l_c/rtc_calendar_interrupt.o
 .debug_aranges
                0x000003d8       0x48 src/ASF/sam0/drivers/tc/tc_interrupt.o
 .debug_aranges
                0x00000420      0x128 src/ASF/sam0/drivers/usb/stack_interface/usb_device_udd.o
 .debug_aranges
                0x00000548       0xa0 src/USB_VCP.o
 .debug_aranges
                0x000005e8      0x158 src/ASF/sam0/drivers/usb/usb_sam_l/usb.o
 .debug_aranges
                0x00000740       0x48 src/ASF/sam0/drivers/extint/extint_callback.o
 .debug_aranges
                0x00000788       0x18 src/ASF/common/services/usb/class/cdc/device/udi_cdc_desc.o
 .debug_aranges
                0x000007a0       0x20 src/ASF/common2/boards/user_board/init.o
 .debug_aranges
                0x000007c0       0x28 src/ASF/common/utils/interrupt/interrupt_sam_nvic.o
 .debug_aranges
                0x000007e8       0x80 src/ASF/sam0/drivers/system/clock/clock_saml21/clock.o
 .debug_aranges
                0x00000868       0x80 src/ASF/sam0/drivers/system/clock/clock_saml21/gclk.o
 .debug_aranges
                0x000008e8       0x40 src/ASF/sam0/drivers/system/pinmux/pinmux.o
 .debug_aranges
                0x00000928       0x28 src/ASF/sam0/drivers/system/system.o
 .debug_aranges
                0x00000950       0x28 src/ASF/sam0/utils/cmsis/saml21/source/gcc/startup_saml21.o
 .debug_aranges
                0x00000978       0x68 src/main.o

.debug_macro    0x00000000    0x1dee8
 .debug_macro   0x00000000      0x55c src/ASF/common/services/sleepmgr/saml/sleepmgr.o
 .debug_macro   0x0000055c      0x862 src/ASF/common/services/sleepmgr/saml/sleepmgr.o
 .debug_macro   0x00000dbe      0x166 src/ASF/common/services/sleepmgr/saml/sleepmgr.o
 .debug_macro   0x00000f24      0x621 src/ASF/common/services/sleepmgr/saml/sleepmgr.o
 .debug_macro   0x00001545       0x22 src/ASF/common/services/sleepmgr/saml/sleepmgr.o
 .debug_macro   0x00001567       0x44 src/ASF/common/services/sleepmgr/saml/sleepmgr.o
 .debug_macro   0x000015ab       0x58 src/ASF/common/services/sleepmgr/saml/sleepmgr.o
 .debug_macro   0x00001603       0x22 src/ASF/common/services/sleepmgr/saml/sleepmgr.o
 .debug_macro   0x00001625      0x1df src/ASF/common/services/sleepmgr/saml/sleepmgr.o
 .debug_macro   0x00001804       0x10 src/ASF/common/services/sleepmgr/saml/sleepmgr.o
 .debug_macro   0x00001814       0x76 src/ASF/common/services/sleepmgr/saml/sleepmgr.o
 .debug_macro   0x0000188a       0x16 src/ASF/common/services/sleepmgr/saml/sleepmgr.o
 .debug_macro   0x000018a0      0x6e5 src/ASF/common/services/sleepmgr/saml/sleepmgr.o
 .debug_macro   0x00001f85      0xde2 src/ASF/common/services/sleepmgr/saml/sleepmgr.o
 .debug_macro   0x00002d67       0x22 src/ASF/common/services/sleepmgr/saml/sleepmgr.o
 .debug_macro   0x00002d89       0x40 src/ASF/common/services/sleepmgr/saml/sleepmgr.o
 .debug_macro   0x00002dc9       0x3a src/ASF/common/services/sleepmgr/saml/sleepmgr.o
 .debug_macro   0x00002e03       0x1f src/ASF/common/services/sleepmgr/saml/sleepmgr.o
 .debug_macro   0x00002e22      0x250 src/ASF/common/services/sleepmgr/saml/sleepmgr.o
 .debug_macro   0x00003072      0x71a src/ASF/common/services/sleepmgr/saml/sleepmgr.o
 .debug_macro   0x0000378c      0x979 src/ASF/common/services/sleepmgr/saml/sleepmgr.o
 .debug_macro   0x00004105      0x2b8 src/ASF/common/services/sleepmgr/saml/sleepmgr.o
 .debug_macro   0x000043bd      0x226 src/ASF/common/services/sleepmgr/saml/sleepmgr.o
 .debug_macro   0x000045e3      0x4dd src/ASF/common/services/sleepmgr/saml/sleepmgr.o
 .debug_macro   0x00004ac0      0xd24 src/ASF/common/services/sleepmgr/saml/sleepmgr.o
 .debug_macro   0x000057e4      0x5b8 src/ASF/common/services/sleepmgr/saml/sleepmgr.o
 .debug_macro   0x00005d9c      0x5c3 src/ASF/common/services/sleepmgr/saml/sleepmgr.o
 .debug_macro   0x0000635f      0x832 src/ASF/common/services/sleepmgr/saml/sleepmgr.o
 .debug_macro   0x00006b91      0x297 src/ASF/common/services/sleepmgr/saml/sleepmgr.o
 .debug_macro   0x00006e28      0x5de src/ASF/common/services/sleepmgr/saml/sleepmgr.o
 .debug_macro   0x00007406      0x225 src/ASF/common/services/sleepmgr/saml/sleepmgr.o
 .debug_macro   0x0000762b      0x7a3 src/ASF/common/services/sleepmgr/saml/sleepmgr.o
 .debug_macro   0x00007dce      0x174 src/ASF/common/services/sleepmgr/saml/sleepmgr.o
 .debug_macro   0x00007f42      0x719 src/ASF/common/services/sleepmgr/saml/sleepmgr.o
 .debug_macro   0x0000865b      0x293 src/ASF/common/services/sleepmgr/saml/sleepmgr.o
 .debug_macro   0x000088ee      0x702 src/ASF/common/services/sleepmgr/saml/sleepmgr.o
 .debug_macro   0x00008ff0      0x2e3 src/ASF/common/services/sleepmgr/saml/sleepmgr.o
 .debug_macro   0x000092d3      0x3cb src/ASF/common/services/sleepmgr/saml/sleepmgr.o
 .debug_macro   0x0000969e      0x1ae src/ASF/common/services/sleepmgr/saml/sleepmgr.o
 .debug_macro   0x0000984c     0x122b src/ASF/common/services/sleepmgr/saml/sleepmgr.o
 .debug_macro   0x0000aa77      0xf4e src/ASF/common/services/sleepmgr/saml/sleepmgr.o
 .debug_macro   0x0000b9c5      0x873 src/ASF/common/services/sleepmgr/saml/sleepmgr.o
 .debug_macro   0x0000c238      0xa39 src/ASF/common/services/sleepmgr/saml/sleepmgr.o
 .debug_macro   0x0000cc71      0x8bc src/ASF/common/services/sleepmgr/saml/sleepmgr.o
 .debug_macro   0x0000d52d     0x19cc src/ASF/common/services/sleepmgr/saml/sleepmgr.o
 .debug_macro   0x0000eef9       0xea src/ASF/common/services/sleepmgr/saml/sleepmgr.o
 .debug_macro   0x0000efe3     0x13b0 src/ASF/common/services/sleepmgr/saml/sleepmgr.o
 .debug_macro   0x00010393      0x378 src/ASF/common/services/sleepmgr/saml/sleepmgr.o
 .debug_macro   0x0001070b       0x7c src/ASF/common/services/sleepmgr/saml/sleepmgr.o
 .debug_macro   0x00010787       0xac src/ASF/common/services/sleepmgr/saml/sleepmgr.o
 .debug_macro   0x00010833       0xca src/ASF/common/services/sleepmgr/saml/sleepmgr.o
 .debug_macro   0x000108fd       0x4c src/ASF/common/services/sleepmgr/saml/sleepmgr.o
 .debug_macro   0x00010949       0x94 src/ASF/common/services/sleepmgr/saml/sleepmgr.o
 .debug_macro   0x000109dd       0xd6 src/ASF/common/services/sleepmgr/saml/sleepmgr.o
 .debug_macro   0x00010ab3       0xb2 src/ASF/common/services/sleepmgr/saml/sleepmgr.o
 .debug_macro   0x00010b65       0x64 src/ASF/common/services/sleepmgr/saml/sleepmgr.o
 .debug_macro   0x00010bc9      0x5d5 src/ASF/common/services/sleepmgr/saml/sleepmgr.o
 .debug_macro   0x0001119e      0x1ab src/ASF/common/services/sleepmgr/saml/sleepmgr.o
 .debug_macro   0x00011349       0x70 src/ASF/common/services/sleepmgr/saml/sleepmgr.o
 .debug_macro   0x000113b9       0xa0 src/ASF/common/services/sleepmgr/saml/sleepmgr.o
 .debug_macro   0x00011459       0xc4 src/ASF/common/services/sleepmgr/saml/sleepmgr.o
 .debug_macro   0x0001151d       0x28 src/ASF/common/services/sleepmgr/saml/sleepmgr.o
 .debug_macro   0x00011545       0xa0 src/ASF/common/services/sleepmgr/saml/sleepmgr.o
 .debug_macro   0x000115e5       0x40 src/ASF/common/services/sleepmgr/saml/sleepmgr.o
 .debug_macro   0x00011625       0x7c src/ASF/common/services/sleepmgr/saml/sleepmgr.o
 .debug_macro   0x000116a1       0x40 src/ASF/common/services/sleepmgr/saml/sleepmgr.o
 .debug_macro   0x000116e1      0x178 src/ASF/common/services/sleepmgr/saml/sleepmgr.o
 .debug_macro   0x00011859       0x34 src/ASF/common/services/sleepmgr/saml/sleepmgr.o
 .debug_macro   0x0001188d       0xee src/ASF/common/services/sleepmgr/saml/sleepmgr.o
 .debug_macro   0x0001197b      0x136 src/ASF/common/services/sleepmgr/saml/sleepmgr.o
 .debug_macro   0x00011ab1      0x136 src/ASF/common/services/sleepmgr/saml/sleepmgr.o
 .debug_macro   0x00011be7      0x136 src/ASF/common/services/sleepmgr/saml/sleepmgr.o
 .debug_macro   0x00011d1d      0x136 src/ASF/common/services/sleepmgr/saml/sleepmgr.o
 .debug_macro   0x00011e53      0x136 src/ASF/common/services/sleepmgr/saml/sleepmgr.o
 .debug_macro   0x00011f89      0x136 src/ASF/common/services/sleepmgr/saml/sleepmgr.o
 .debug_macro   0x000120bf       0x5e src/ASF/common/services/sleepmgr/saml/sleepmgr.o
 .debug_macro   0x0001211d      0x1a6 src/ASF/common/services/sleepmgr/saml/sleepmgr.o
 .debug_macro   0x000122c3       0xfa src/ASF/common/services/sleepmgr/saml/sleepmgr.o
 .debug_macro   0x000123bd       0xfa src/ASF/common/services/sleepmgr/saml/sleepmgr.o
 .debug_macro   0x000124b7       0xfa src/ASF/common/services/sleepmgr/saml/sleepmgr.o
 .debug_macro   0x000125b1      0x124 src/ASF/common/services/sleepmgr/saml/sleepmgr.o
 .debug_macro   0x000126d5       0xfa src/ASF/common/services/sleepmgr/saml/sleepmgr.o
 .debug_macro   0x000127cf       0xee src/ASF/common/services/sleepmgr/saml/sleepmgr.o
 .debug_macro   0x000128bd       0x2e src/ASF/common/services/sleepmgr/saml/sleepmgr.o
 .debug_macro   0x000128eb      0x408 src/ASF/common/services/sleepmgr/saml/sleepmgr.o
 .debug_macro   0x00012cf3       0x3a src/ASF/common/services/sleepmgr/saml/sleepmgr.o
 .debug_macro   0x00012d2d      0x417 src/ASF/common/services/sleepmgr/saml/sleepmgr.o
 .debug_macro   0x00013144     0x1324 src/ASF/common/services/sleepmgr/saml/sleepmgr.o
 .debug_macro   0x00014468       0x90 src/ASF/common/services/sleepmgr/saml/sleepmgr.o
 .debug_macro   0x000144f8       0x58 src/ASF/common/services/sleepmgr/saml/sleepmgr.o
 .debug_macro   0x00014550       0x35 src/ASF/common/services/sleepmgr/saml/sleepmgr.o
 .debug_macro   0x00014585       0x9c src/ASF/common/services/sleepmgr/saml/sleepmgr.o
 .debug_macro   0x00014621       0x16 src/ASF/common/services/sleepmgr/saml/sleepmgr.o
 .debug_macro   0x00014637       0x35 src/ASF/common/services/sleepmgr/saml/sleepmgr.o
 .debug_macro   0x0001466c      0x29d src/ASF/common/services/sleepmgr/saml/sleepmgr.o
 .debug_macro   0x00014909       0x10 src/ASF/common/services/sleepmgr/saml/sleepmgr.o
 .debug_macro   0x00014919       0x52 src/ASF/common/services/sleepmgr/saml/sleepmgr.o
 .debug_macro   0x0001496b       0x16 src/ASF/common/services/sleepmgr/saml/sleepmgr.o
 .debug_macro   0x00014981       0x43 src/ASF/common/services/sleepmgr/saml/sleepmgr.o
 .debug_macro   0x000149c4      0x180 src/ASF/common/services/sleepmgr/saml/sleepmgr.o
 .debug_macro   0x00014b44       0x10 src/ASF/common/services/sleepmgr/saml/sleepmgr.o
 .debug_macro   0x00014b54       0x22 src/ASF/common/services/sleepmgr/saml/sleepmgr.o
 .debug_macro   0x00014b76       0xbe src/ASF/common/services/sleepmgr/saml/sleepmgr.o
 .debug_macro   0x00014c34       0x16 src/ASF/common/services/sleepmgr/saml/sleepmgr.o
 .debug_macro   0x00014c4a      0x197 src/ASF/common/services/sleepmgr/saml/sleepmgr.o
 .debug_macro   0x00014de1       0x16 src/ASF/common/services/sleepmgr/saml/sleepmgr.o
 .debug_macro   0x00014df7       0x16 src/ASF/common/services/sleepmgr/saml/sleepmgr.o
 .debug_macro   0x00014e0d       0x29 src/ASF/common/services/sleepmgr/saml/sleepmgr.o
 .debug_macro   0x00014e36       0x51 src/ASF/common/services/sleepmgr/saml/sleepmgr.o
 .debug_macro   0x00014e87       0x3f src/ASF/common/services/sleepmgr/saml/sleepmgr.o
 .debug_macro   0x00014ec6      0x3df src/ASF/common/services/sleepmgr/saml/sleepmgr.o
 .debug_macro   0x000152a5       0x10 src/ASF/common/services/sleepmgr/saml/sleepmgr.o
 .debug_macro   0x000152b5       0x18 src/ASF/common/services/sleepmgr/saml/sleepmgr.o
 .debug_macro   0x000152cd      0x7b3 src/ASF/common/services/usb/class/cdc/device/udi_cdc.o
 .debug_macro   0x00015a80      0x279 src/ASF/common/services/usb/class/cdc/device/udi_cdc.o
 .debug_macro   0x00015cf9       0xae src/ASF/common/services/usb/class/cdc/device/udi_cdc.o
 .debug_macro   0x00015da7      0x228 src/ASF/common/services/usb/class/cdc/device/udi_cdc.o
 .debug_macro   0x00015fcf       0x9c src/ASF/common/services/usb/class/cdc/device/udi_cdc.o
 .debug_macro   0x0001606b       0x27 src/ASF/common/services/usb/class/cdc/device/udi_cdc.o
 .debug_macro   0x00016092       0x12 src/ASF/common/services/usb/class/cdc/device/udi_cdc.o
 .debug_macro   0x000160a4       0x18 src/ASF/common/services/usb/class/cdc/device/udi_cdc.o
 .debug_macro   0x000160bc      0x29e src/ASF/common/services/usb/class/cdc/device/udi_cdc.o
 .debug_macro   0x0001635a       0x2e src/ASF/common/services/usb/class/cdc/device/udi_cdc.o
 .debug_macro   0x00016388       0x27 src/ASF/common/services/usb/class/cdc/device/udi_cdc.o
 .debug_macro   0x000163af       0x22 src/ASF/common/services/usb/class/cdc/device/udi_cdc.o
 .debug_macro   0x000163d1       0xab src/ASF/common/services/usb/class/cdc/device/udi_cdc.o
 .debug_macro   0x0001647c      0x24b src/ASF/common/services/usb/class/cdc/device/udi_cdc.o
 .debug_macro   0x000166c7      0x162 src/ASF/common/services/usb/class/cdc/device/udi_cdc.o
 .debug_macro   0x00016829       0x16 src/ASF/common/services/usb/class/cdc/device/udi_cdc.o
 .debug_macro   0x0001683f       0x1c src/ASF/common/services/usb/class/cdc/device/udi_cdc.o
 .debug_macro   0x0001685b      0x192 src/ASF/common/services/usb/class/cdc/device/udi_cdc.o
 .debug_macro   0x000169ed       0x16 src/ASF/common/services/usb/class/cdc/device/udi_cdc.o
 .debug_macro   0x00016a03      0x729 src/ASF/common/services/usb/udc/udc.o
 .debug_macro   0x0001712c      0x54a src/ASF/sam0/drivers/events/events_hooks.o
 .debug_macro   0x00017676      0x579 src/ASF/sam0/drivers/events/events_sam_l_c/events.o
 .debug_macro   0x00017bef      0x57b src/ASF/sam0/drivers/extint/extint_sam_l_c/extint.o
 .debug_macro   0x0001816a       0x18 src/ASF/sam0/drivers/extint/extint_sam_l_c/extint.o
 .debug_macro   0x00018182       0x16 src/ASF/sam0/drivers/extint/extint_sam_l_c/extint.o
 .debug_macro   0x00018198      0x554 src/ASF/sam0/drivers/rtc/rtc_sam_l_c/rtc_calendar.o
 .debug_macro   0x000186ec       0x10 src/ASF/sam0/drivers/rtc/rtc_sam_l_c/rtc_calendar.o
 .debug_macro   0x000186fc      0x555 src/ASF/sam0/drivers/rtc/rtc_sam_l_c/rtc_calendar_interrupt.o
 .debug_macro   0x00018c51      0x569 src/ASF/sam0/drivers/tc/tc_interrupt.o
 .debug_macro   0x000191ba       0x43 src/ASF/sam0/drivers/tc/tc_interrupt.o
 .debug_macro   0x000191fd       0x66 src/ASF/sam0/drivers/tc/tc_interrupt.o
 .debug_macro   0x00019263      0x750 src/ASF/sam0/drivers/usb/stack_interface/usb_device_udd.o
 .debug_macro   0x000199b3       0x4a src/ASF/sam0/drivers/usb/stack_interface/usb_device_udd.o
 .debug_macro   0x000199fd       0x10 src/ASF/sam0/drivers/usb/stack_interface/usb_device_udd.o
 .debug_macro   0x00019a0d       0x1c src/ASF/sam0/drivers/usb/stack_interface/usb_device_udd.o
 .debug_macro   0x00019a29      0x711 src/USB_VCP.o
 .debug_macro   0x0001a13a      0x5bb src/ASF/sam0/drivers/usb/usb_sam_l/usb.o
 .debug_macro   0x0001a6f5      0x51f src/ASF/sam0/drivers/extint/extint_callback.o
 .debug_macro   0x0001ac14      0x730 src/ASF/common/services/usb/class/cdc/device/udi_cdc_desc.o
 .debug_macro   0x0001b344      0x711 src/ASF/common2/boards/user_board/init.o
 .debug_macro   0x0001ba55      0x4fa src/ASF/common/utils/interrupt/interrupt_sam_nvic.o
 .debug_macro   0x0001bf4f      0x56f src/ASF/sam0/drivers/system/clock/clock_saml21/clock.o
 .debug_macro   0x0001c4be      0x531 src/ASF/sam0/drivers/system/clock/clock_saml21/gclk.o
 .debug_macro   0x0001c9ef      0x50a src/ASF/sam0/drivers/system/pinmux/pinmux.o
 .debug_macro   0x0001cef9       0x12 src/ASF/sam0/drivers/system/pinmux/pinmux.o
 .debug_macro   0x0001cf0b      0x53f src/ASF/sam0/drivers/system/system.o
 .debug_macro   0x0001d44a      0x34e src/ASF/sam0/utils/cmsis/saml21/source/gcc/startup_saml21.o
 .debug_macro   0x0001d798       0x3a src/ASF/sam0/utils/cmsis/saml21/source/gcc/startup_saml21.o
 .debug_macro   0x0001d7d2      0x716 src/main.o

.debug_line     0x00000000    0x1170a
 .debug_line    0x00000000      0xa38 src/ASF/common/services/sleepmgr/saml/sleepmgr.o
 .debug_line    0x00000a38     0x1466 src/ASF/common/services/usb/class/cdc/device/udi_cdc.o
 .debug_line    0x00001e9e     0x1052 src/ASF/common/services/usb/udc/udc.o
 .debug_line    0x00002ef0      0xa3d src/ASF/sam0/drivers/events/events_hooks.o
 .debug_line    0x0000392d      0xc59 src/ASF/sam0/drivers/events/events_sam_l_c/events.o
 .debug_line    0x00004586      0xc2d src/ASF/sam0/drivers/extint/extint_sam_l_c/extint.o
 .debug_line    0x000051b3      0xc57 src/ASF/sam0/drivers/rtc/rtc_sam_l_c/rtc_calendar.o
 .debug_line    0x00005e0a      0xaa9 src/ASF/sam0/drivers/rtc/rtc_sam_l_c/rtc_calendar_interrupt.o
 .debug_line    0x000068b3      0xa63 src/ASF/sam0/drivers/tc/tc_interrupt.o
 .debug_line    0x00007316     0x13e1 src/ASF/sam0/drivers/usb/stack_interface/usb_device_udd.o
 .debug_line    0x000086f7      0xf66 src/USB_VCP.o
 .debug_line    0x0000965d      0xfc4 src/ASF/sam0/drivers/usb/usb_sam_l/usb.o
 .debug_line    0x0000a621      0x9b7 src/ASF/sam0/drivers/extint/extint_callback.o
 .debug_line    0x0000afd8      0xe3f src/ASF/common/services/usb/class/cdc/device/udi_cdc_desc.o
 .debug_line    0x0000be17      0xe47 src/ASF/common2/boards/user_board/init.o
 .debug_line    0x0000cc5e      0x8c2 src/ASF/common/utils/interrupt/interrupt_sam_nvic.o
 .debug_line    0x0000d520      0xd0b src/ASF/sam0/drivers/system/clock/clock_saml21/clock.o
 .debug_line    0x0000e22b      0xbf0 src/ASF/sam0/drivers/system/clock/clock_saml21/gclk.o
 .debug_line    0x0000ee1b      0x934 src/ASF/sam0/drivers/system/pinmux/pinmux.o
 .debug_line    0x0000f74f      0x9d2 src/ASF/sam0/drivers/system/system.o
 .debug_line    0x00010121      0x6b7 src/ASF/sam0/utils/cmsis/saml21/source/gcc/startup_saml21.o
 .debug_line    0x000107d8      0xf32 src/main.o

.debug_str      0x00000000    0x97aa7
 .debug_str     0x00000000    0x88e6b src/ASF/common/services/sleepmgr/saml/sleepmgr.o
                              0x89397 (size before relaxing)
 .debug_str     0x00088e6b     0x7052 src/ASF/common/services/usb/class/cdc/device/udi_cdc.o
                              0x90403 (size before relaxing)
 .debug_str     0x0008febd      0xa63 src/ASF/common/services/usb/udc/udc.o
                              0x9010c (size before relaxing)
 .debug_str     0x00090920      0xb95 src/ASF/sam0/drivers/events/events_hooks.o
                              0x8a041 (size before relaxing)
 .debug_str     0x000914b5      0x74b src/ASF/sam0/drivers/events/events_sam_l_c/events.o
                              0x8a471 (size before relaxing)
 .debug_str     0x00091c00      0x62a src/ASF/sam0/drivers/extint/extint_sam_l_c/extint.o
                              0x8a8ba (size before relaxing)
 .debug_str     0x0009222a      0xb1f src/ASF/sam0/drivers/rtc/rtc_sam_l_c/rtc_calendar.o
                              0x8be89 (size before relaxing)
 .debug_str     0x00092d49       0xf3 src/ASF/sam0/drivers/rtc/rtc_sam_l_c/rtc_calendar_interrupt.o
                              0x8af58 (size before relaxing)
 .debug_str     0x00092e3c      0x446 src/ASF/sam0/drivers/tc/tc_interrupt.o
                              0x8a1b0 (size before relaxing)
 .debug_str     0x00093282     0x160f src/ASF/sam0/drivers/usb/stack_interface/usb_device_udd.o
                              0x9135f (size before relaxing)
 .debug_str     0x00094891      0x108 src/USB_VCP.o
                              0x8eede (size before relaxing)
 .debug_str     0x00094999      0xa79 src/ASF/sam0/drivers/usb/usb_sam_l/usb.o
                              0x8bd0c (size before relaxing)
 .debug_str     0x00095412      0x131 src/ASF/sam0/drivers/extint/extint_callback.o
                              0x898a4 (size before relaxing)
 .debug_str     0x00095543      0x2df src/ASF/common/services/usb/class/cdc/device/udi_cdc_desc.o
                              0x8fce8 (size before relaxing)
 .debug_str     0x00095822       0x3e src/ASF/common2/boards/user_board/init.o
                              0x8edef (size before relaxing)
 .debug_str     0x00095860       0x65 src/ASF/common/utils/interrupt/interrupt_sam_nvic.o
                              0x89237 (size before relaxing)
 .debug_str     0x000958c5     0x16e2 src/ASF/sam0/drivers/system/clock/clock_saml21/clock.o
                              0x8c874 (size before relaxing)
 .debug_str     0x00096fa7      0x236 src/ASF/sam0/drivers/system/clock/clock_saml21/gclk.o
                              0x89ead (size before relaxing)
 .debug_str     0x000971dd      0x3b9 src/ASF/sam0/drivers/system/pinmux/pinmux.o
                              0x89737 (size before relaxing)
 .debug_str     0x00097596       0x47 src/ASF/sam0/drivers/system/system.o
                              0x892c7 (size before relaxing)
 .debug_str     0x000975dd      0x3a8 src/ASF/sam0/utils/cmsis/saml21/source/gcc/startup_saml21.o
                              0x7531a (size before relaxing)
 .debug_str     0x00097985      0x122 src/main.o
                              0x8f93e (size before relaxing)

.debug_loc      0x00000000     0x74dd
 .debug_loc     0x00000000      0xff7 src/ASF/common/services/usb/class/cdc/device/udi_cdc.o
 .debug_loc     0x00000ff7      0x4b3 src/ASF/common/services/usb/udc/udc.o
 .debug_loc     0x000014aa      0x4a6 src/ASF/sam0/drivers/events/events_hooks.o
 .debug_loc     0x00001950      0x4a7 src/ASF/sam0/drivers/events/events_sam_l_c/events.o
 .debug_loc     0x00001df7      0x4ae src/ASF/sam0/drivers/extint/extint_sam_l_c/extint.o
 .debug_loc     0x000022a5      0x8fe src/ASF/sam0/drivers/rtc/rtc_sam_l_c/rtc_calendar.o
 .debug_loc     0x00002ba3      0x242 src/ASF/sam0/drivers/rtc/rtc_sam_l_c/rtc_calendar_interrupt.o
 .debug_loc     0x00002de5      0x17d src/ASF/sam0/drivers/tc/tc_interrupt.o
 .debug_loc     0x00002f62     0x109f src/ASF/sam0/drivers/usb/stack_interface/usb_device_udd.o
 .debug_loc     0x00004001      0x10e src/USB_VCP.o
 .debug_loc     0x0000410f     0x1757 src/ASF/sam0/drivers/usb/usb_sam_l/usb.o
 .debug_loc     0x00005866      0x215 src/ASF/sam0/drivers/extint/extint_callback.o
 .debug_loc     0x00005a7b       0x1e src/ASF/common/utils/interrupt/interrupt_sam_nvic.o
 .debug_loc     0x00005a99      0xf67 src/ASF/sam0/drivers/system/clock/clock_saml21/clock.o
 .debug_loc     0x00006a00      0x54a src/ASF/sam0/drivers/system/clock/clock_saml21/gclk.o
 .debug_loc     0x00006f4a      0x37a src/ASF/sam0/drivers/system/pinmux/pinmux.o
 .debug_loc     0x000072c4       0x20 src/ASF/sam0/drivers/system/system.o
 .debug_loc     0x000072e4       0x20 src/ASF/sam0/utils/cmsis/saml21/source/gcc/startup_saml21.o
 .debug_loc     0x00007304      0x1d9 src/main.o

.debug_ranges   0x00000000      0x9b8
 .debug_ranges  0x00000000      0x1b8 src/ASF/common/services/usb/class/cdc/device/udi_cdc.o
 .debug_ranges  0x000001b8       0x78 src/ASF/common/services/usb/udc/udc.o
 .debug_ranges  0x00000230       0x48 src/ASF/sam0/drivers/events/events_hooks.o
 .debug_ranges  0x00000278       0xb0 src/ASF/sam0/drivers/events/events_sam_l_c/events.o
 .debug_ranges  0x00000328       0x60 src/ASF/sam0/drivers/extint/extint_sam_l_c/extint.o
 .debug_ranges  0x00000388       0xa0 src/ASF/sam0/drivers/rtc/rtc_sam_l_c/rtc_calendar.o
 .debug_ranges  0x00000428       0x30 src/ASF/sam0/drivers/rtc/rtc_sam_l_c/rtc_calendar_interrupt.o
 .debug_ranges  0x00000458       0x38 src/ASF/sam0/drivers/tc/tc_interrupt.o
 .debug_ranges  0x00000490      0x130 src/ASF/sam0/drivers/usb/stack_interface/usb_device_udd.o
 .debug_ranges  0x000005c0       0x90 src/USB_VCP.o
 .debug_ranges  0x00000650      0x148 src/ASF/sam0/drivers/usb/usb_sam_l/usb.o
 .debug_ranges  0x00000798       0x60 src/ASF/sam0/drivers/extint/extint_callback.o
 .debug_ranges  0x000007f8       0x10 src/ASF/common2/boards/user_board/init.o
 .debug_ranges  0x00000808       0x18 src/ASF/common/utils/interrupt/interrupt_sam_nvic.o
 .debug_ranges  0x00000820       0x70 src/ASF/sam0/drivers/system/clock/clock_saml21/clock.o
 .debug_ranges  0x00000890       0x70 src/ASF/sam0/drivers/system/clock/clock_saml21/gclk.o
 .debug_ranges  0x00000900       0x30 src/ASF/sam0/drivers/system/pinmux/pinmux.o
 .debug_ranges  0x00000930       0x18 src/ASF/sam0/drivers/system/system.o
 .debug_ranges  0x00000948       0x18 src/ASF/sam0/utils/cmsis/saml21/source/gcc/startup_saml21.o
 .debug_ranges  0x00000960       0x58 src/main.o

.debug_frame    0x00000000     0x18c4
 .debug_frame   0x00000000      0x42c src/ASF/common/services/usb/class/cdc/device/udi_cdc.o
 .debug_frame   0x0000042c      0x134 src/ASF/common/services/usb/udc/udc.o
 .debug_frame   0x00000560       0xb8 src/ASF/sam0/drivers/events/events_hooks.o
 .debug_frame   0x00000618      0x100 src/ASF/sam0/drivers/events/events_sam_l_c/events.o
 .debug_frame   0x00000718       0xc8 src/ASF/sam0/drivers/extint/extint_sam_l_c/extint.o
 .debug_frame   0x000007e0      0x148 src/ASF/sam0/drivers/rtc/rtc_sam_l_c/rtc_calendar.o
 .debug_frame   0x00000928       0x8c src/ASF/sam0/drivers/rtc/rtc_sam_l_c/rtc_calendar_interrupt.o
 .debug_frame   0x000009b4       0x94 src/ASF/sam0/drivers/tc/tc_interrupt.o
 .debug_frame   0x00000a48      0x358 src/ASF/sam0/drivers/usb/stack_interface/usb_device_udd.o
 .debug_frame   0x00000da0      0x140 src/USB_VCP.o
 .debug_frame   0x00000ee0      0x3a8 src/ASF/sam0/drivers/usb/usb_sam_l/usb.o
 .debug_frame   0x00001288       0x7c src/ASF/sam0/drivers/extint/extint_callback.o
 .debug_frame   0x00001304       0x20 src/ASF/common2/boards/user_board/init.o
 .debug_frame   0x00001324       0x30 src/ASF/common/utils/interrupt/interrupt_sam_nvic.o
 .debug_frame   0x00001354      0x170 src/ASF/sam0/drivers/system/clock/clock_saml21/clock.o
 .debug_frame   0x000014c4      0x150 src/ASF/sam0/drivers/system/clock/clock_saml21/gclk.o
 .debug_frame   0x00001614       0x98 src/ASF/sam0/drivers/system/pinmux/pinmux.o
 .debug_frame   0x000016ac       0x38 src/ASF/sam0/drivers/system/system.o
 .debug_frame   0x000016e4       0x38 src/ASF/sam0/utils/cmsis/saml21/source/gcc/startup_saml21.o
 .debug_frame   0x0000171c       0xf4 src/main.o
 .debug_frame   0x00001810       0x20 c:/program files (x86)/atmel/studio/7.0/toolchain/arm/arm-gnu-toolchain/bin/../lib/gcc/arm-none-eabi/4.9.3/armv6-m\libgcc.a(_udivsi3.o)
 .debug_frame   0x00001830       0x20 c:/program files (x86)/atmel/studio/7.0/toolchain/arm/arm-gnu-toolchain/bin/../lib/gcc/arm-none-eabi/4.9.3/armv6-m\libgcc.a(_divsi3.o)
 .debug_frame   0x00001850       0x2c c:/program files (x86)/atmel/studio/7.0/toolchain/arm/arm-gnu-toolchain/bin/../lib/gcc/arm-none-eabi/4.9.3/../../../../arm-none-eabi/lib/armv6-m\libc_nano.a(lib_a-init.o)
 .debug_frame   0x0000187c       0x28 c:/program files (x86)/atmel/studio/7.0/toolchain/arm/arm-gnu-toolchain/bin/../lib/gcc/arm-none-eabi/4.9.3/../../../../arm-none-eabi/lib/armv6-m\libc_nano.a(lib_a-memcpy.o)
 .debug_frame   0x000018a4       0x20 c:/program files (x86)/atmel/studio/7.0/toolchain/arm/arm-gnu-toolchain/bin/../lib/gcc/arm-none-eabi/4.9.3/../../../../arm-none-eabi/lib/armv6-m\libc_nano.a(lib_a-memset.o)

Cross Reference Table

Symbol                                            File
AC_Handler                                        src/ASF/sam0/utils/cmsis/saml21/source/gcc/startup_saml21.o
ADC_Handler                                       src/ASF/sam0/utils/cmsis/saml21/source/gcc/startup_saml21.o
AES_Handler                                       src/ASF/sam0/utils/cmsis/saml21/source/gcc/startup_saml21.o
DAC_Handler                                       src/ASF/sam0/utils/cmsis/saml21/source/gcc/startup_saml21.o
DMAC_Handler                                      src/ASF/sam0/utils/cmsis/saml21/source/gcc/startup_saml21.o
Dummy_Handler                                     src/ASF/sam0/utils/cmsis/saml21/source/gcc/startup_saml21.o
EIC_Handler                                       src/ASF/sam0/drivers/extint/extint_callback.o
EVSYS_Handler                                     src/ASF/sam0/drivers/events/events_hooks.o
HardFault_Handler                                 src/ASF/sam0/utils/cmsis/saml21/source/gcc/startup_saml21.o
NMI_Handler                                       src/ASF/sam0/utils/cmsis/saml21/source/gcc/startup_saml21.o
NVMCTRL_Handler                                   src/ASF/sam0/utils/cmsis/saml21/source/gcc/startup_saml21.o
PTC_Handler                                       src/ASF/sam0/utils/cmsis/saml21/source/gcc/startup_saml21.o
PendSV_Handler                                    src/ASF/sam0/utils/cmsis/saml21/source/gcc/startup_saml21.o
RTC_Handler                                       src/ASF/sam0/drivers/rtc/rtc_sam_l_c/rtc_calendar_interrupt.o
Reset_Handler                                     src/ASF/sam0/utils/cmsis/saml21/source/gcc/startup_saml21.o
SERCOM0_Handler                                   src/ASF/sam0/utils/cmsis/saml21/source/gcc/startup_saml21.o
SERCOM1_Handler                                   src/ASF/sam0/utils/cmsis/saml21/source/gcc/startup_saml21.o
SERCOM2_Handler                                   src/ASF/sam0/utils/cmsis/saml21/source/gcc/startup_saml21.o
SERCOM3_Handler                                   src/ASF/sam0/utils/cmsis/saml21/source/gcc/startup_saml21.o
SERCOM4_Handler                                   src/ASF/sam0/utils/cmsis/saml21/source/gcc/startup_saml21.o
SERCOM5_Handler                                   src/ASF/sam0/utils/cmsis/saml21/source/gcc/startup_saml21.o
SVC_Handler                                       src/ASF/sam0/utils/cmsis/saml21/source/gcc/startup_saml21.o
SYSTEM_Handler                                    src/ASF/sam0/utils/cmsis/saml21/source/gcc/startup_saml21.o
SysTick_Handler                                   src/ASF/sam0/utils/cmsis/saml21/source/gcc/startup_saml21.o
SystemCoreClock                                   src/ASF/sam0/utils/cmsis/saml21/source/system_saml21.o
SystemCoreClockUpdate                             src/ASF/sam0/utils/cmsis/saml21/source/system_saml21.o
SystemInit                                        src/ASF/sam0/utils/cmsis/saml21/source/system_saml21.o
TC0_Handler                                       src/ASF/sam0/drivers/tc/tc_interrupt.o
TC1_Handler                                       src/ASF/sam0/drivers/tc/tc_interrupt.o
TC4_Handler                                       src/ASF/sam0/drivers/tc/tc_interrupt.o
TCC0_Handler                                      src/ASF/sam0/utils/cmsis/saml21/source/gcc/startup_saml21.o
TCC1_Handler                                      src/ASF/sam0/utils/cmsis/saml21/source/gcc/startup_saml21.o
TCC2_Handler                                      src/ASF/sam0/utils/cmsis/saml21/source/gcc/startup_saml21.o
TRNG_Handler                                      src/ASF/sam0/utils/cmsis/saml21/source/gcc/startup_saml21.o
USB_Handler                                       src/ASF/sam0/drivers/usb/usb_sam_l/usb.o
WDT_Handler                                       src/ASF/sam0/utils/cmsis/saml21/source/gcc/startup_saml21.o
_Jv_RegisterClasses                               c:/program files (x86)/atmel/studio/7.0/toolchain/arm/arm-gnu-toolchain/bin/../lib/gcc/arm-none-eabi/4.9.3/armv6-m/crtbegin.o
__aeabi_idiv                                      c:/program files (x86)/atmel/studio/7.0/toolchain/arm/arm-gnu-toolchain/bin/../lib/gcc/arm-none-eabi/4.9.3/armv6-m\libgcc.a(_divsi3.o)
                                                  c:/program files (x86)/atmel/studio/7.0/toolchain/arm/arm-gnu-toolchain/bin/../lib/gcc/arm-none-eabi/4.9.3/../../../../arm-none-eabi/lib/armv6-m\libc_nano.a(lib_a-fvwrite.o)
__aeabi_idiv0                                     c:/program files (x86)/atmel/studio/7.0/toolchain/arm/arm-gnu-toolchain/bin/../lib/gcc/arm-none-eabi/4.9.3/armv6-m\libgcc.a(_dvmd_tls.o)
                                                  c:/program files (x86)/atmel/studio/7.0/toolchain/arm/arm-gnu-toolchain/bin/../lib/gcc/arm-none-eabi/4.9.3/armv6-m\libgcc.a(_divsi3.o)
                                                  c:/program files (x86)/atmel/studio/7.0/toolchain/arm/arm-gnu-toolchain/bin/../lib/gcc/arm-none-eabi/4.9.3/armv6-m\libgcc.a(_udivsi3.o)
__aeabi_idivmod                                   c:/program files (x86)/atmel/studio/7.0/toolchain/arm/arm-gnu-toolchain/bin/../lib/gcc/arm-none-eabi/4.9.3/armv6-m\libgcc.a(_divsi3.o)
                                                  src/ASF/sam0/drivers/usb/stack_interface/usb_device_udd.o
__aeabi_ldiv0                                     c:/program files (x86)/atmel/studio/7.0/toolchain/arm/arm-gnu-toolchain/bin/../lib/gcc/arm-none-eabi/4.9.3/armv6-m\libgcc.a(_dvmd_tls.o)
__aeabi_uidiv                                     c:/program files (x86)/atmel/studio/7.0/toolchain/arm/arm-gnu-toolchain/bin/../lib/gcc/arm-none-eabi/4.9.3/armv6-m\libgcc.a(_udivsi3.o)
                                                  c:/program files (x86)/atmel/studio/7.0/toolchain/arm/arm-gnu-toolchain/bin/../lib/gcc/arm-none-eabi/4.9.3/../../../../arm-none-eabi/lib/armv6-m\libc_nano.a(lib_a-nano-vfprintf_i.o)
                                                  src/ASF/sam0/drivers/system/clock/clock_saml21/gclk.o
                                                  src/ASF/sam0/drivers/system/clock/clock_saml21/clock.o
__aeabi_uidivmod                                  c:/program files (x86)/atmel/studio/7.0/toolchain/arm/arm-gnu-toolchain/bin/../lib/gcc/arm-none-eabi/4.9.3/armv6-m\libgcc.a(_udivsi3.o)
                                                  c:/program files (x86)/atmel/studio/7.0/toolchain/arm/arm-gnu-toolchain/bin/../lib/gcc/arm-none-eabi/4.9.3/../../../../arm-none-eabi/lib/armv6-m\libc_nano.a(lib_a-nano-vfprintf_i.o)
                                                  src/ASF/sam0/drivers/usb/stack_interface/usb_device_udd.o
                                                  src/ASF/sam0/drivers/rtc/rtc_sam_l_c/rtc_calendar.o
__bss_end__                                       c:/program files (x86)/atmel/studio/7.0/toolchain/arm/arm-gnu-toolchain/bin/../lib/gcc/arm-none-eabi/4.9.3/../../../../arm-none-eabi/lib/armv6-m/crt0.o
__bss_start__                                     c:/program files (x86)/atmel/studio/7.0/toolchain/arm/arm-gnu-toolchain/bin/../lib/gcc/arm-none-eabi/4.9.3/../../../../arm-none-eabi/lib/armv6-m/crt0.o
__call_exitprocs                                  c:/program files (x86)/atmel/studio/7.0/toolchain/arm/arm-gnu-toolchain/bin/../lib/gcc/arm-none-eabi/4.9.3/../../../../arm-none-eabi/lib/armv6-m\libc_nano.a(lib_a-exit.o)
__clzsi2                                          c:/program files (x86)/atmel/studio/7.0/toolchain/arm/arm-gnu-toolchain/bin/../lib/gcc/arm-none-eabi/4.9.3/armv6-m\libgcc.a(_clzsi2.o)
                                                  src/ASF/sam0/drivers/usb/usb_sam_l/usb.o
__ctzsi2                                          c:/program files (x86)/atmel/studio/7.0/toolchain/arm/arm-gnu-toolchain/bin/../lib/gcc/arm-none-eabi/4.9.3/armv6-m\libgcc.a(_ctzsi2.o)
                                                  src/ASF/sam0/drivers/usb/usb_sam_l/usb.o
__deregister_frame_info                           c:/program files (x86)/atmel/studio/7.0/toolchain/arm/arm-gnu-toolchain/bin/../lib/gcc/arm-none-eabi/4.9.3/armv6-m/crtbegin.o
__divsi3                                          c:/program files (x86)/atmel/studio/7.0/toolchain/arm/arm-gnu-toolchain/bin/../lib/gcc/arm-none-eabi/4.9.3/armv6-m\libgcc.a(_divsi3.o)
__dso_handle                                      c:/program files (x86)/atmel/studio/7.0/toolchain/arm/arm-gnu-toolchain/bin/../lib/gcc/arm-none-eabi/4.9.3/armv6-m/crtbegin.o
__fp_lock_all                                     c:/program files (x86)/atmel/studio/7.0/toolchain/arm/arm-gnu-toolchain/bin/../lib/gcc/arm-none-eabi/4.9.3/../../../../arm-none-eabi/lib/armv6-m\libc_nano.a(lib_a-findfp.o)
__fp_unlock_all                                   c:/program files (x86)/atmel/studio/7.0/toolchain/arm/arm-gnu-toolchain/bin/../lib/gcc/arm-none-eabi/4.9.3/../../../../arm-none-eabi/lib/armv6-m\libc_nano.a(lib_a-findfp.o)
__init_array_end                                  c:/program files (x86)/atmel/studio/7.0/toolchain/arm/arm-gnu-toolchain/bin/../lib/gcc/arm-none-eabi/4.9.3/../../../../arm-none-eabi/lib/armv6-m\libc_nano.a(lib_a-init.o)
__init_array_start                                c:/program files (x86)/atmel/studio/7.0/toolchain/arm/arm-gnu-toolchain/bin/../lib/gcc/arm-none-eabi/4.9.3/../../../../arm-none-eabi/lib/armv6-m\libc_nano.a(lib_a-init.o)
__libc_fini_array                                 c:/program files (x86)/atmel/studio/7.0/toolchain/arm/arm-gnu-toolchain/bin/../lib/gcc/arm-none-eabi/4.9.3/../../../../arm-none-eabi/lib/armv6-m/crt0.o
__libc_init_array                                 c:/program files (x86)/atmel/studio/7.0/toolchain/arm/arm-gnu-toolchain/bin/../lib/gcc/arm-none-eabi/4.9.3/../../../../arm-none-eabi/lib/armv6-m\libc_nano.a(lib_a-init.o)
                                                  src/ASF/sam0/utils/cmsis/saml21/source/gcc/startup_saml21.o
                                                  c:/program files (x86)/atmel/studio/7.0/toolchain/arm/arm-gnu-toolchain/bin/../lib/gcc/arm-none-eabi/4.9.3/../../../../arm-none-eabi/lib/armv6-m/crt0.o
__malloc_free_list                                c:/program files (x86)/atmel/studio/7.0/toolchain/arm/arm-gnu-toolchain/bin/../lib/gcc/arm-none-eabi/4.9.3/../../../../arm-none-eabi/lib/armv6-m\libc_nano.a(lib_a-nano-mallocr.o)
                                                  c:/program files (x86)/atmel/studio/7.0/toolchain/arm/arm-gnu-toolchain/bin/../lib/gcc/arm-none-eabi/4.9.3/../../../../arm-none-eabi/lib/armv6-m\libc_nano.a(lib_a-nano-freer.o)
__malloc_sbrk_start                               c:/program files (x86)/atmel/studio/7.0/toolchain/arm/arm-gnu-toolchain/bin/../lib/gcc/arm-none-eabi/4.9.3/../../../../arm-none-eabi/lib/armv6-m\libc_nano.a(lib_a-nano-mallocr.o)
__preinit_array_end                               c:/program files (x86)/atmel/studio/7.0/toolchain/arm/arm-gnu-toolchain/bin/../lib/gcc/arm-none-eabi/4.9.3/../../../../arm-none-eabi/lib/armv6-m\libc_nano.a(lib_a-init.o)
__preinit_array_start                             c:/program files (x86)/atmel/studio/7.0/toolchain/arm/arm-gnu-toolchain/bin/../lib/gcc/arm-none-eabi/4.9.3/../../../../arm-none-eabi/lib/armv6-m\libc_nano.a(lib_a-init.o)
__register_frame_info                             c:/program files (x86)/atmel/studio/7.0/toolchain/arm/arm-gnu-toolchain/bin/../lib/gcc/arm-none-eabi/4.9.3/armv6-m/crtbegin.o
__sclose                                          c:/program files (x86)/atmel/studio/7.0/toolchain/arm/arm-gnu-toolchain/bin/../lib/gcc/arm-none-eabi/4.9.3/../../../../arm-none-eabi/lib/armv6-m\libc_nano.a(lib_a-stdio.o)
                                                  c:/program files (x86)/atmel/studio/7.0/toolchain/arm/arm-gnu-toolchain/bin/../lib/gcc/arm-none-eabi/4.9.3/../../../../arm-none-eabi/lib/armv6-m\libc_nano.a(lib_a-findfp.o)
__seofread                                        c:/program files (x86)/atmel/studio/7.0/toolchain/arm/arm-gnu-toolchain/bin/../lib/gcc/arm-none-eabi/4.9.3/../../../../arm-none-eabi/lib/armv6-m\libc_nano.a(lib_a-stdio.o)